Microchip MPLAB XC8 Compiler V1.34 ()

Linker command line:

--edf=C:\Program Files (x86)\Microchip\xc8\v1.34\dat\en_msgs.txt -cs \
  -h+dist/default/production\umote-irca-astable.production.sym \
  --cmf=dist/default/production\umote-irca-astable.production.cmf -z -w9 \
  --norlf -Q18F26J50 -oC:\Users\Diego\AppData\Local\Temp\s27k.6 \
  -Mdist/default/production/umote-irca-astable.production.map -E1 -ver=XC8 \
  -ACODE=00h-0FFF7h -ACONST=00h-0FFF7h \
  -ASMALLCONST=0F00h-0FFFhx240,0FF00h-0FFF7h -AMEDIUMCONST=0F00h-0FFF7h \
  -ACOMRAM=01h-05Fh -AABS1=00h-0EBFh -ABIGRAM=01h-0EBFh \
  -ARAM=060h-0FFh,0100h-01FFhx13,0E00h-0EBFh -ABANK0=060h-0FFh \
  -ABANK1=0100h-01FFh -ABANK2=0200h-02FFh -ABANK3=0300h-03FFh \
  -ABANK4=0400h-04FFh -ABANK5=0500h-05FFh -ABANK6=0600h-06FFh \
  -ABANK7=0700h-07FFh -ABANK8=0800h-08FFh -ABANK9=0900h-09FFh \
  -ABANK10=0A00h-0AFFh -ABANK11=0B00h-0BFFh -ABANK12=0C00h-0CFFh \
  -ABANK13=0D00h-0DFFh -ABANK14=0E00h-0EBFh \
  -ASFR=0EC0h-0EFFh,0F00h-0F5Fh,0F60h-0FFFh \
  -preset_vec=00h,intcode,intcodelo,powerup,init,end_init -pramtop=0F00h \
  -psmallconst=SMALLCONST -pmediumconst=MEDIUMCONST -pconst=CONST \
  -AFARRAM=00h-00h -ACONFIG=0FFF8h-0FFFFh -pconfig=CONFIG \
  -pjflash_buffer=0F800h \
  -prdata=COMRAM,nvrram=COMRAM,nvbit=COMRAM,rbss=COMRAM,rbit=COMRAM \
  -pfarbss=FARRAM,fardata=FARRAM,nvFARRAM=FARRAM \
  -pintsave_regs=BIGRAM,bigbss=BIGRAM,bigdata=BIGRAM -pbss=RAM \
  -pidata=CODE,irdata=CODE,ibigdata=CODE,ifardata=CODE \
  C:\Users\Diego\AppData\Local\Temp\s27k.obj \
  dist/default/production\umote-irca-astable.production.obj 

Object code version is 3.11

Machine type is 18F26J50

Call graph: (short form)




                Name                               Link     Load   Length Selector   Space Scale
C:\Users\Diego\AppData\Local\Temp\s27k.obj
                end_init                              0        0        4        0       0
dist/default/production\umote-irca-astable.production.obj
                smallconst                          F00      F00       10      780       0
                text55                             1A98     1A98       1A      788       0
                text54                             1A7E     1A7E       1A      788       0
                text53                             1C02     1C02        6      788       0
                text52                             1B40     1B40       12      788       0
                text51                             1ACA     1ACA       18      788       0
                text50                             11CC     11CC       B8      788       0
                text49                             19EE     19EE       2E      788       0
                text48                             13B8     13B8       86      788       0
                text47                             1B80     1B80        E      788       0
                text46                             110C     110C       C0      788       0
                text45                             1820     1820       48      788       0
                text44                             15BE     15BE       72      788       0
                text43                             198C     198C       32      788       0
                text42                             17D8     17D8       48      788       0
                text41                             1A60     1A60       1E      788       0
                text40                             1B2E     1B2E       12      788       0
                text39                             1BB2     1BB2        C      788       0
                text38                             1B62     1B62       10      788       0
                text37                             1BA6     1BA6        C      788       0
                text36                             1BE6     1BE6        A      788       0
                text35                             1B9A     1B9A        C      788       0
                text34                             1C0C     1C0C        4      788       0
                text33                             1B72     1B72        E      788       0
                text32                             1B52     1B52       10      788       0
                text31                             14C0     14C0       82      788       0
                text30                             1BFC     1BFC        6      788       0
                text29                             18EC     18EC       38      788       0
                text28                             1C08     1C08        4      788       0
                text27                             1BF6     1BF6        6      788       0
                text26                             1BF0     1BF0        6      788       0
                text25                             1B1C     1B1C       12      788       0
                text24                             1694     1694       62      788       0
                text23                             1924     1924       36      788       0
                text22                             1630     1630       64      788       0
                text21                             1284     1284       AE      788       0
                text20                             1790     1790       48      788       0
                text19                             1A1C     1A1C       26      788       0
                text18                             195A     195A       32      788       0
                text17                             1748     1748       48      788       0
                text16                             1542     1542       7C      788       0
                text15                             18AA     18AA       42      788       0
                text14                             16F6     16F6       52      788       0
                text13                             143E     143E       82      788       0
                text12                             100E     100E       FE      788       0
                text11                              F10      F10       FE      788       0
                text10                             1B0A     1B0A       12      788       0
                text9                              19BE     19BE       30      788       0
                text8                              1A42     1A42       1E      788       0
                text7                              1AB2     1AB2       18      788       0
                text6                              1BDC     1BDC        A      788       0
                text5                              1AF8     1AF8       12      788       0
                text4                              1BD2     1BD2        A      788       0
                text3                              1BC8     1BC8        A      788       0
                text2                              1AE2     1AE2       16      788       0
                text1                              1B8E     1B8E        C      788       0
                text0                              1332     1332       86      788       0
                cstackCOMRAM                          1        1       10        1       1
                cstackBANK1                         100      100       E2      100       1
                bssBANK0                             60       60       7D       60       1
                dataCOMRAM                           1E       1E        A        1       1
                bssCOMRAM                            11       11        D        1       1
                cinit                              1868     1868       42      788       0
                idataCOMRAM                        1BBE     1BBE        A      788       0

TOTAL           Name                               Link     Load   Length     Space
        CLASS   CODE           
                end_init                              0        0        4         0
                text55                             1A98     1A98       1A         0
                text54                             1A7E     1A7E       1A         0
                text53                             1C02     1C02        6         0
                text52                             1B40     1B40       12         0
                text51                             1ACA     1ACA       18         0
                text50                             11CC     11CC       B8         0
                text49                             19EE     19EE       2E         0
                text48                             13B8     13B8       86         0
                text47                             1B80     1B80        E         0
                text46                             110C     110C       C0         0
                text45                             1820     1820       48         0
                text44                             15BE     15BE       72         0
                text43                             198C     198C       32         0
                text42                             17D8     17D8       48         0
                text41                             1A60     1A60       1E         0
                text40                             1B2E     1B2E       12         0
                text39                             1BB2     1BB2        C         0
                text38                             1B62     1B62       10         0
                text37                             1BA6     1BA6        C         0
                text36                             1BE6     1BE6        A         0
                text35                             1B9A     1B9A        C         0
                text34                             1C0C     1C0C        4         0
                text33                             1B72     1B72        E         0
                text32                             1B52     1B52       10         0
                text31                             14C0     14C0       82         0
                text30                             1BFC     1BFC        6         0
                text29                             18EC     18EC       38         0
                text28                             1C08     1C08        4         0
                text27                             1BF6     1BF6        6         0
                text26                             1BF0     1BF0        6         0
                text25                             1B1C     1B1C       12         0
                text24                             1694     1694       62         0
                text23                             1924     1924       36         0
                text22                             1630     1630       64         0
                text21                             1284     1284       AE         0
                text20                             1790     1790       48         0
                text19                             1A1C     1A1C       26         0
                text18                             195A     195A       32         0
                text17                             1748     1748       48         0
                text16                             1542     1542       7C         0
                text15                             18AA     18AA       42         0
                text14                             16F6     16F6       52         0
                text13                             143E     143E       82         0
                text12                             100E     100E       FE         0
                text11                              F10      F10       FE         0
                text10                             1B0A     1B0A       12         0
                text9                              19BE     19BE       30         0
                text8                              1A42     1A42       1E         0
                text7                              1AB2     1AB2       18         0
                text6                              1BDC     1BDC        A         0
                text5                              1AF8     1AF8       12         0
                text4                              1BD2     1BD2        A         0
                text3                              1BC8     1BC8        A         0
                text2                              1AE2     1AE2       16         0
                text1                              1B8E     1B8E        C         0
                text0                              1332     1332       86         0
                cinit                              1868     1868       42         0
                idataCOMRAM                        1BBE     1BBE        A         0

        CLASS   CONST          

        CLASS   SMALLCONST     
                smallconst                          F00      F00       10         0

        CLASS   MEDIUMCONST    

        CLASS   COMRAM         
                cstackCOMRAM                          1        1       10         1
                dataCOMRAM                           1E       1E        A         1
                bssCOMRAM                            11       11        D         1

        CLASS   ABS1           

        CLASS   BIGRAM         

        CLASS   RAM            

        CLASS   BANK0          
                bssBANK0                             60       60       7D         1

        CLASS   BANK1          
                cstackBANK1                         100      100       E2         1

        CLASS   BANK2          

        CLASS   BANK3          

        CLASS   BANK4          

        CLASS   BANK5          

        CLASS   BANK6          

        CLASS   BANK7          

        CLASS   BANK8          

        CLASS   BANK9          

        CLASS   BANK10         

        CLASS   BANK11         

        CLASS   BANK12         

        CLASS   BANK13         

        CLASS   BANK14         

        CLASS   SFR            

        CLASS   FARRAM         

        CLASS   CONFIG         

        CLASS   STACK          

        CLASS   IDLOC          



SEGMENTS        Name                           Load    Length   Top    Selector   Space  Class

                reset_vec                      000000  000004  000004         0       0  CODE    
                cstackCOMRAM                   000001  000027  000028         1       1  COMRAM  
                bssBANK0                       000060  00007D  0000DD        60       1  BANK0   
                cstackBANK1                    000100  0000E2  0001E2       100       1  BANK1   
                smallconst                     000F00  000010  000F10       780       0  SMALLCON
                text11                         000F10  000D00  001C10       788       0  CODE    


UNUSED ADDRESS RANGES

        Name                Unused          Largest block    Delta
        BANK0            00DD-00FF             23
        BANK1            01E2-01FF             1E
        BANK10           0A00-0AFF            100
        BANK11           0B00-0BFF            100
        BANK12           0C00-0CFF            100
        BANK13           0D00-0DFF            100
        BANK14           0E00-0EBF             C0
        BANK2            0200-02FF            100
        BANK3            0300-03FF            100
        BANK4            0400-04FF            100
        BANK5            0500-05FF            100
        BANK6            0600-06FF            100
        BANK7            0700-07FF            100
        BANK8            0800-08FF            100
        BANK9            0900-09FF            100
        BIGRAM           0028-005F             38
                         00DD-00FF             23
                         01E2-0EBF            CDE
        CODE             0004-0EFF            EFC
                         1C10-FFF7           E3E8
        COMRAM           0028-005F             38
        CONFIG           FFF8-FFFF              8
        CONST            0004-0EFF            EFC
                         1C10-FFF7           E3E8
        MEDIUMCONST      1C10-FFF7           E3E8
        RAM              00DD-00FF             23
                         01E2-0EBF            100
        SFR              0EC0-0FFF             60
        SMALLCONST       1C10-FFF7            100

                                  Symbol Table

_EnableDeelSleepInterrupt                                            
__CFG_CP0$OFF                                      (abs)         0000
__CFG_CPUDIV$OSC1                                  (abs)         0000
__CFG_DSBOREN$OFF                                  (abs)         0000
__CFG_DSWDTEN$OFF                                  (abs)         0000
__CFG_DSWDTOSC$INTOSCREF                           (abs)         0000
__CFG_DSWDTPS$M2                                   (abs)         0000
__CFG_FCMEN$OFF                                    (abs)         0000
__CFG_IESO$OFF                                     (abs)         0000
__CFG_IOL1WAY$OFF                                  (abs)         0000
__CFG_MSSP7B_EN$MSK7                               (abs)         0000
__CFG_OSC$INTOSC                                   (abs)         0000
__CFG_RTCOSC$INTOSCREF                             (abs)         0000
__CFG_STVREN$ON                                    (abs)         0000
__CFG_WDTEN$OFF                                    (abs)         0000
__CFG_WDTPS$1024                                   (abs)         0000
__CFG_WPCFG$OFF                                    (abs)         0000
__CFG_WPDIS$OFF                                    (abs)         0000
__CFG_WPEND$PAGE_0                                 (abs)         0000
__CFG_WPFP$PAGE_1                                  (abs)         0000
__CFG_XINST$OFF                                    (abs)         0000
__HRAM                                             (abs)         0000
__Habs1                                            abs1          0000
__Hbank0                                           bank0         0000
__Hbank1                                           bank1         0000
__Hbank10                                          bank10        0000
__Hbank11                                          bank11        0000
__Hbank12                                          bank12        0000
__Hbank13                                          bank13        0000
__Hbank14                                          bank14        0000
__Hbank2                                           bank2         0000
__Hbank3                                           bank3         0000
__Hbank4                                           bank4         0000
__Hbank5                                           bank5         0000
__Hbank6                                           bank6         0000
__Hbank7                                           bank7         0000
__Hbank8                                           bank8         0000
__Hbank9                                           bank9         0000
__Hbigbss                                          bigbss        0000
__Hbigdata                                         bigdata       0000
__Hbigram                                          bigram        0000
__Hbss                                             bss           0000
__HbssBANK0                                        bssBANK0      0000
__HbssCOMRAM                                       bssCOMRAM     0000
__Hcinit                                           cinit         0000
__Hclrtext                                         clrtext       0000
__Hcomram                                          comram        0000
__Hconfig                                          config        0000
__Hconst                                           const         0000
__HcstackBANK1                                     cstackBANK1   0000
__HcstackCOMRAM                                    cstackCOMRAM  0000
__Hdata                                            data          0000
__HdataCOMRAM                                      dataCOMRAM    0000
__Hfarbss                                          farbss        0000
__Hfardata                                         fardata       0000
__Hibigdata                                        ibigdata      0000
__Hidata                                           idata         0000
__HidataCOMRAM                                     idataCOMRAM   0000
__Hidloc                                           idloc         0000
__Hifardata                                        ifardata      0000
__Hinit                                            init          0000
__Hintcode                                         intcode       0000
__Hintcode_body                                    intcode_body  0000
__Hintcodelo                                       intcodelo     0000
__Hintentry                                        intentry      0000
__Hintret                                          intret        0000
__Hintsave_regs                                    intsave_regs  0000
__Hirdata                                          irdata        0000
__Hmediumconst                                     mediumconst   0000
__HnvFARRAM                                        nvFARRAM      0000
__Hnvbit                                           nvbit         0000
__Hnvrram                                          nvrram        0000
__Hparam                                           rparam        0000
__Hpowerup                                         powerup       0000
__Hram                                             ram           0000
__Hrbit                                            rbit          0000
__Hrbss                                            rbss          0000
__Hrdata                                           rdata         0000
__Hreset_vec                                       reset_vec     0000
__Hrparam                                          rparam        0000
__Hsfr                                             sfr           0000
__Hspace_2                                         (abs)         0000
__Hstack                                           stack         0000
__Hstruct                                          struct        0000
__Htemp                                            temp          0000
__Htext                                            text          0000
__Htext0                                           text0         0000
__Htext1                                           text1         0000
__Htext10                                          text10        0000
__Htext11                                          text11        0000
__Htext12                                          text12        0000
__Htext13                                          text13        0000
__Htext14                                          text14        0000
__Htext15                                          text15        0000
__Htext16                                          text16        0000
__Htext17                                          text17        0000
__Htext18                                          text18        0000
__Htext19                                          text19        0000
__Htext2                                           text2         0000
__Htext20                                          text20        0000
__Htext21                                          text21        0000
__Htext22                                          text22        0000
__Htext23                                          text23        0000
__Htext24                                          text24        0000
__Htext25                                          text25        0000
__Htext26                                          text26        0000
__Htext27                                          text27        0000
__Htext28                                          text28        0000
__Htext29                                          text29        0000
__Htext3                                           text3         0000
__Htext30                                          text30        0000
__Htext31                                          text31        0000
__Htext32                                          text32        0000
__Htext33                                          text33        0000
__Htext34                                          text34        0000
__Htext35                                          text35        0000
__Htext36                                          text36        0000
__Htext37                                          text37        0000
__Htext38                                          text38        0000
__Htext39                                          text39        0000
__Htext4                                           text4         0000
__Htext40                                          text40        0000
__Htext41                                          text41        0000
__Htext42                                          text42        0000
__Htext43                                          text43        0000
__Htext44                                          text44        0000
__Htext45                                          text45        0000
__Htext46                                          text46        0000
__Htext47                                          text47        0000
__Htext48                                          text48        0000
__Htext49                                          text49        0000
__Htext5                                           text5         0000
__Htext50                                          text50        0000
__Htext51                                          text51        0000
__Htext52                                          text52        0000
__Htext53                                          text53        0000
__Htext54                                          text54        0000
__Htext55                                          text55        0000
__Htext6                                           text6         0000
__Htext7                                           text7         0000
__Htext8                                           text8         0000
__Htext9                                           text9         0000
__Labs1                                            abs1          0000
__Lbank0                                           bank0         0000
__Lbank1                                           bank1         0000
__Lbank10                                          bank10        0000
__Lbank11                                          bank11        0000
__Lbank12                                          bank12        0000
__Lbank13                                          bank13        0000
__Lbank14                                          bank14        0000
__Lbank2                                           bank2         0000
__Lbank3                                           bank3         0000
__Lbank4                                           bank4         0000
__Lbank5                                           bank5         0000
__Lbank6                                           bank6         0000
__Lbank7                                           bank7         0000
__Lbank8                                           bank8         0000
__Lbank9                                           bank9         0000
__Lbigbss                                          bigbss        0000
__Lbigdata                                         bigdata       0000
__Lbigram                                          bigram        0000
__Lbss                                             bss           0000
__LbssBANK0                                        bssBANK0      0000
__LbssCOMRAM                                       bssCOMRAM     0000
__Lcinit                                           cinit         0000
__Lclrtext                                         clrtext       0000
__Lcomram                                          comram        0000
__Lconfig                                          config        0000
__Lconst                                           const         0000
__LcstackBANK1                                     cstackBANK1   0000
__LcstackCOMRAM                                    cstackCOMRAM  0000
__Ldata                                            data          0000
__LdataCOMRAM                                      dataCOMRAM    0000
__Lend_init                                        end_init      0000
__Lfarbss                                          farbss        0000
__Lfardata                                         fardata       0000
__Libigdata                                        ibigdata      0000
__Lidata                                           idata         0000
__LidataCOMRAM                                     idataCOMRAM   0000
__Lidloc                                           idloc         0000
__Lifardata                                        ifardata      0000
__Linit                                            init          0000
__Lintcode                                         intcode       0000
__Lintcode_body                                    intcode_body  0000
__Lintcodelo                                       intcodelo     0000
__Lintentry                                        intentry      0000
__Lintret                                          intret        0000
__Lintsave_regs                                    intsave_regs  0000
__Lirdata                                          irdata        0000
__Lmediumconst                                     mediumconst   0000
__LnvFARRAM                                        nvFARRAM      0000
__Lnvbit                                           nvbit         0000
__Lnvrram                                          nvrram        0000
__Lparam                                           rparam        0000
__Lpowerup                                         powerup       0000
__Lram                                             ram           0000
__Lrbit                                            rbit          0000
__Lrbss                                            rbss          0000
__Lrdata                                           rdata         0000
__Lreset_vec                                       reset_vec     0000
__Lrparam                                          rparam        0000
__Lsfr                                             sfr           0000
__Lspace_0                                         (abs)         0000
__Lspace_1                                         (abs)         0000
__Lspace_2                                         (abs)         0000
__Lstack                                           stack         0000
__Lstruct                                          struct        0000
__Ltemp                                            temp          0000
__Ltext                                            text          0000
__Ltext0                                           text0         0000
__Ltext1                                           text1         0000
__Ltext10                                          text10        0000
__Ltext11                                          text11        0000
__Ltext12                                          text12        0000
__Ltext13                                          text13        0000
__Ltext14                                          text14        0000
__Ltext15                                          text15        0000
__Ltext16                                          text16        0000
__Ltext17                                          text17        0000
__Ltext18                                          text18        0000
__Ltext19                                          text19        0000
__Ltext2                                           text2         0000
__Ltext20                                          text20        0000
__Ltext21                                          text21        0000
__Ltext22                                          text22        0000
__Ltext23                                          text23        0000
__Ltext24                                          text24        0000
__Ltext25                                          text25        0000
__Ltext26                                          text26        0000
__Ltext27                                          text27        0000
__Ltext28                                          text28        0000
__Ltext29                                          text29        0000
__Ltext3                                           text3         0000
__Ltext30                                          text30        0000
__Ltext31                                          text31        0000
__Ltext32                                          text32        0000
__Ltext33                                          text33        0000
__Ltext34                                          text34        0000
__Ltext35                                          text35        0000
__Ltext36                                          text36        0000
__Ltext37                                          text37        0000
__Ltext38                                          text38        0000
__Ltext39                                          text39        0000
__Ltext4                                           text4         0000
__Ltext40                                          text40        0000
__Ltext41                                          text41        0000
__Ltext42                                          text42        0000
__Ltext43                                          text43        0000
__Ltext44                                          text44        0000
__Ltext45                                          text45        0000
__Ltext46                                          text46        0000
__Ltext47                                          text47        0000
__Ltext48                                          text48        0000
__Ltext49                                          text49        0000
__Ltext5                                           text5         0000
__Ltext50                                          text50        0000
__Ltext51                                          text51        0000
__Ltext52                                          text52        0000
__Ltext53                                          text53        0000
__Ltext54                                          text54        0000
__Ltext55                                          text55        0000
__Ltext6                                           text6         0000
__Ltext7                                           text7         0000
__Ltext8                                           text8         0000
__Ltext9                                           text9         0000
___inthi_sp                                        stack         0000
___intlo_sp                                        stack         0000
___sp                                              stack         0000
__mediumconst                                      mediumconst   0000
__size_of_AdcCalibrate                             (abs)         0000
__size_of_AdcConvert                               (abs)         0000
__size_of_AdcInit                                  (abs)         0000
__size_of_AdcReadValue                             (abs)         0000
__size_of_BspInit                                  (abs)         0000
__size_of_ClearDSWakeUpFlags                       (abs)         0000
__size_of_ClearInterrupts                          (abs)         0000
__size_of_ClearMclrFlags                           (abs)         0000
__size_of_ClearNetworkInterrupt                    (abs)         0000
__size_of_Delay100TCYx                             (abs)         0000
__size_of_Delay10KTCYx                             (abs)         0000
__size_of_Delay10TCYx                              (abs)         0000
__size_of_DisableInterrupts                        (abs)         0000
__size_of_Irca1InitIO                              (abs)         0000
__size_of_IrcaInit                                 (abs)         0000
__size_of_IrcaMeasure                              (abs)         0000
__size_of_MeasureSensors                           (abs)         0000
__size_of_OnDsWdtWakeUp                            (abs)         0000
__size_of_OnMclr                                   (abs)         0000
__size_of_OnPowerUp                                (abs)         0000
__size_of_OnWakeUp                                 (abs)         0000
__size_of_PayloadInit                              (abs)         0000
__size_of_PayloadPutByte                           (abs)         0000
__size_of_PayloadPutString                         (abs)         0000
__size_of_PayloadPutWord                           (abs)         0000
__size_of_PowerDeepSleep                           (abs)         0000
__size_of_PowerDownSHT11                           (abs)         0000
__size_of_PowerUpCO2Sensor                         (abs)         0000
__size_of_PowerUpSHT11                             (abs)         0000
__size_of_SampleAndHoldReset                       (abs)         0000
__size_of_SendMeasures                             (abs)         0000
__size_of_SensorProxyInit                          (abs)         0000
__size_of_Sht11Init                                (abs)         0000
__size_of_Sht11Measure                             (abs)         0000
__size_of_Sht11MeasureParam                        (abs)         0000
__size_of_Sht11Read                                (abs)         0000
__size_of_Sht11Start                               (abs)         0000
__size_of_Sht11Write                               (abs)         0000
__size_of_UnUsedPeriphericalDisable                (abs)         0000
__size_of_XBeeCommissioning                        (abs)         0000
__size_of_XBeeCreateATCommandPacket                (abs)         0000
__size_of_XBeeCreateCompleteATCommandPacket        (abs)         0000
__size_of_XBeeCreatePacket                         (abs)         0000
__size_of_XBeeCreateTransmitRequestPacket          (abs)         0000
__size_of_XBeeInit                                 (abs)         0000
__size_of_XBeeInterruptInit                        (abs)         0000
__size_of_XBeeJoin                                 (abs)         0000
__size_of_XBeeReset                                (abs)         0000
__size_of_XBeeSendPacket                           (abs)         0000
__size_of_XBeeSerialInit                           (abs)         0000
__size_of_XBeeSerialSend                           (abs)         0000
__size_of_XBeeSetSleepMode                         (abs)         0000
__size_of_main                                     (abs)         0000
__size_of_memset                                   (abs)         0000
__size_of_sprintf                                  (abs)         0000
__size_of_strlen                                   (abs)         0000
_ircAData                                                            
intlevel0                                          text          0000
intlevel1                                          text          0000
intlevel2                                          text          0000
intlevel3                                          text          0000
stackhi                                            (abs)         0000
stacklo                                            (abs)         0000
start                                              init          0000
?_AdcReadValue                                     cstackCOMRAM  0001
?_sprintf                                          cstackCOMRAM  0001
?_strlen                                           cstackCOMRAM  0001
Delay100TCYx@unit                                  cstackCOMRAM  0001
Delay10TCYx@unit                                   cstackCOMRAM  0001
PayloadInit@payload                                cstackCOMRAM  0001
PayloadPutByte@payload                             cstackCOMRAM  0001
PayloadPutWord@payload                             cstackCOMRAM  0001
XBeeCreateATCommandPacket@packet                   cstackCOMRAM  0001
XBeeCreateCompleteATCommandPacket@packet           cstackCOMRAM  0001
XBeeCreateTransmitRequestPacket@packet             cstackCOMRAM  0001
XBeeSerialInit@baudrate                            cstackCOMRAM  0001
XBeeSerialSend@value                               cstackCOMRAM  0001
__LRAM                                             (abs)         0001
___rparam_used                                     (abs)         0001
__pcstackCOMRAM                                    cstackCOMRAM  0001
memset@p1                                          cstackCOMRAM  0001
sprintf@sp                                         cstackCOMRAM  0001
strlen@s                                           cstackCOMRAM  0001
Delay10KTCYx@unit                                  cstackCOMRAM  0002
Sht11Read@ack                                      cstackCOMRAM  0002
Sht11Write@value                                   cstackCOMRAM  0002
XBeeSendPacket@packet                              cstackCOMRAM  0002
__activetblptr                                     (abs)         0002
AdcConvert@result                                  cstackCOMRAM  0003
PayloadInit@i                                      cstackCOMRAM  0003
PayloadPutByte@element                             cstackCOMRAM  0003
PayloadPutWord@element                             cstackCOMRAM  0003
Sht11Read@val                                      cstackCOMRAM  0003
Sht11Write@error                                   cstackCOMRAM  0003
XBeeCreateATCommandPacket@frameId                  cstackCOMRAM  0003
XBeeCreateCompleteATCommandPacket@frameId          cstackCOMRAM  0003
XBeeCreateTransmitRequestPacket@frameId            cstackCOMRAM  0003
memset@c                                           cstackCOMRAM  0003
sprintf@f                                          cstackCOMRAM  0003
Sht11Read@i                                        cstackCOMRAM  0004
Sht11Write@i                                       cstackCOMRAM  0004
XBeeCreateATCommandPacket@command                  cstackCOMRAM  0004
XBeeCreateCompleteATCommandPacket@command          cstackCOMRAM  0004
XBeeCreateTransmitRequestPacket@destinationAddress cstackCOMRAM  0004
__Hend_init                                        end_init      0004
Sht11MeasureParam@p_value                          cstackCOMRAM  0005
memset@n                                           cstackCOMRAM  0005
sprintf@ap                                         cstackCOMRAM  0005
strlen@cp                                          cstackCOMRAM  0005
PayloadPutWord@lsb                                 cstackCOMRAM  0006
XBeeCreateATCommandPacket@p                        cstackCOMRAM  0006
XBeeCreateCompleteATCommandPacket@params           cstackCOMRAM  0006
XBeeCreateTransmitRequestPacket@radius             cstackCOMRAM  0006
XBeeSendPacket@p                                   cstackCOMRAM  0006
PayloadPutWord@msb                                 cstackCOMRAM  0007
Sht11MeasureParam@p_checksum                       cstackCOMRAM  0007
XBeeCreateTransmitRequestPacket@options            cstackCOMRAM  0007
memset@p                                           cstackCOMRAM  0007
sprintf@flag                                       cstackCOMRAM  0007
AdcConvert@channel                                 cstackCOMRAM  0008
XBeeCreateCompleteATCommandPacket@paramsLength     cstackCOMRAM  0008
XBeeCreateTransmitRequestPacket@payload            cstackCOMRAM  0008
sprintf@c                                          cstackCOMRAM  0008
AdcConvert@tmp                                     cstackCOMRAM  0009
PayloadPutString@payload                           cstackCOMRAM  0009
Sht11MeasureParam@mode                             cstackCOMRAM  0009
XBeeCreatePacket@packet                            cstackCOMRAM  0009
XBeeCreateTransmitRequestPacket@dataLength         cstackCOMRAM  000A
PayloadPutString@string                            cstackCOMRAM  000B
XBeeCreateCompleteATCommandPacket@i                cstackCOMRAM  000B
Sht11MeasureParam@error                            cstackCOMRAM  000C
XBeeCreateCompleteATCommandPacket@p                cstackCOMRAM  000C
AdcConvert@i                                       cstackCOMRAM  000D
Sht11Measure@data                                  cstackCOMRAM  000D
XBeeCreateTransmitRequestPacket@i                  cstackCOMRAM  000D
IrcaMeasure@data                                   cstackCOMRAM  000E
PayloadPutString@buffer                            cstackCOMRAM  000E
XBeeCommissioning@timesButtonPress                 cstackCOMRAM  000E
XBeeCreateTransmitRequestPacket@p                  cstackCOMRAM  000E
XBeeSetSleepMode@mode                              cstackCOMRAM  000E
Sht11Measure@error                                 cstackCOMRAM  000F
XBeeCommissioning@params                           cstackCOMRAM  000F
XBeeSetSleepMode@params                            cstackCOMRAM  000F
___param_bank                                      (abs)         0010
__pbssCOMRAM                                       bssCOMRAM     0011
_count                                             bssCOMRAM     0011
_ircaData                                          bssCOMRAM     0012
_shtData                                           bssCOMRAM     0018
_EUSART_9600                                       dataCOMRAM    001E
__pdataCOMRAM                                      dataCOMRAM    001E
XBeeCommissioning@command                          dataCOMRAM    001F
XBeeReset@command                                  dataCOMRAM    0022
XBeeSetSleepMode@command                           dataCOMRAM    0025
__accesstop                                        (abs)         0060
__pbssBANK0                                        bssBANK0      0060
_joinPacket                                        bssBANK0      0060
SendMeasures@packet                                cstackBANK1   0100
__pcstackBANK1                                     cstackBANK1   0100
SendMeasures@payload                               cstackBANK1   017D
__Hspace_1                                         (abs)         01E2
__S1                                               (abs)         01E2
__Hramtop                                          ramtop        0F00
__Lramtop                                          ramtop        0F00
__Lsmallconst                                      smallconst    0F00
__psmallconst                                      smallconst    0F00
__ramtop                                           ramtop        0F00
__smallconst                                       smallconst    0F00
_CO2OFFSET                                         smallconst    0F01
_BROADCAST_RADIUS                                  smallconst    0F03
__end_of_CO2OFFSET                                 smallconst    0F03
_TRANSMIT_OPTIONS                                  smallconst    0F04
__end_of_BROADCAST_RADIUS                          smallconst    0F04
_COORDINATOR_ADDRESS                               smallconst    0F05
__end_of_TRANSMIT_OPTIONS                          smallconst    0F05
_SENSORS                                           smallconst    0F0D
__end_of_COORDINATOR_ADDRESS                       smallconst    0F0D
__end_of_SENSORS                                   smallconst    0F0F
_SendMeasures                                      text11        0F10
__Hsmallconst                                      smallconst    0F10
__ptext11                                          text11        0F10
_RTCCFGbits                                        (abs)         0F3F
_ANCON0                                            (abs)         0F48
_ANCON0bits                                        (abs)         0F48
_ANCON1                                            (abs)         0F49
_ANCON1bits                                        (abs)         0F49
_DSWAKEL                                           (abs)         0F4A
_DSWAKELbits                                       (abs)         0F4A
_DSWAKEH                                           (abs)         0F4B
_DSWAKEHbits                                       (abs)         0F4B
_DSCONLbits                                        (abs)         0F4C
_DSCONHbits                                        (abs)         0F4D
_UCONbits                                          (abs)         0F65
_BAUDCON1bits                                      (abs)         0F7E
_PORTAbits                                         (abs)         0F80
_PORTBbits                                         (abs)         0F81
_LATAbits                                          (abs)         0F89
_LATCbits                                          (abs)         0F8B
_TRISAbits                                         (abs)         0F92
_TRISBbits                                         (abs)         0F93
_TRISCbits                                         (abs)         0F94
_OSCTUNEbits                                       (abs)         0F9B
_PIE1                                              (abs)         0F9D
_PIR1                                              (abs)         0F9E
_PIR1bits                                          (abs)         0F9E
_IPR1                                              (abs)         0F9F
_PIR2                                              (abs)         0FA1
_IPR2                                              (abs)         0FA2
_PIR3                                              (abs)         0FA4
_IPR3                                              (abs)         0FA5
_RCSTA1                                            (abs)         0FAC
_RCSTA1bits                                        (abs)         0FAC
_TXSTA1bits                                        (abs)         0FAD
_TXREG1                                            (abs)         0FAE
_RCREG1                                            (abs)         0FAF
_SPBRG1                                            (abs)         0FB0
_WDTCONbits                                        (abs)         0FC0
_ADCON1bits                                        (abs)         0FC1
_ADCON0bits                                        (abs)         0FC2
_ADRES                                             (abs)         0FC3
_T1CONbits                                         (abs)         0FCD
_RCONbits                                          (abs)         0FD0
_OSCCONbits                                        (abs)         0FD3
_INTCON2bits                                       (abs)         0FF1
_INTCON                                            (abs)         0FF2
_INTCONbits                                        (abs)         0FF2
_XBeeCreateTransmitRequestPacket                   text12        100E
__end_of_SendMeasures                              text11        100E
__ptext12                                          text12        100E
_XBeeSendPacket                                    text46        110C
__end_of_XBeeCreateTransmitRequestPacket           text12        110C
__ptext46                                          text46        110C
_XBeeCreateCompleteATCommandPacket                 text50        11CC
__end_of_XBeeSendPacket                            text46        11CC
__ptext50                                          text50        11CC
_Sht11MeasureParam                                 text21        1284
__end_of_XBeeCreateCompleteATCommandPacket         text50        1284
__ptext21                                          text21        1284
__end_of_Sht11MeasureParam                         text21        1332
__ptext0                                           text0         1332
_main                                              text0         1332
_XBeeCreatePacket                                  text48        13B8
__end_of_main                                      text0         13B8
__ptext48                                          text48        13B8
_PayloadPutWord                                    text13        143E
__end_of_XBeeCreatePacket                          text48        143E
__ptext13                                          text13        143E
_AdcConvert                                        text31        14C0
__end_of_PayloadPutWord                            text13        14C0
__ptext31                                          text31        14C0
__end_of_AdcConvert                                text31        1542
__ptext16                                          text16        1542
_sprintf                                           text16        1542
_XBeeCreateATCommandPacket                         text44        15BE
__end_of_sprintf                                   text16        15BE
__ptext44                                          text44        15BE
_Sht11Write                                        text22        1630
__end_of_XBeeCreateATCommandPacket                 text44        1630
__ptext22                                          text22        1630
_Sht11Read                                         text24        1694
__end_of_Sht11Write                                text22        1694
__ptext24                                          text24        1694
_PayloadPutString                                  text14        16F6
__end_of_Sht11Read                                 text24        16F6
__ptext14                                          text14        16F6
_PayloadPutByte                                    text17        1748
__end_of_PayloadPutString                          text14        1748
__ptext17                                          text17        1748
_Sht11Measure                                      text20        1790
__end_of_PayloadPutByte                            text17        1790
__ptext20                                          text20        1790
_XBeeSetSleepMode                                  text42        17D8
__end_of_Sht11Measure                              text20        17D8
__ptext42                                          text42        17D8
_XBeeCommissioning                                 text45        1820
__end_of_XBeeSetSleepMode                          text42        1820
__ptext45                                          text45        1820
__end_of_XBeeCommissioning                         text45        1868
__initialization                                   cinit         1868
__pcinit                                           cinit         1868
start_initialization                               cinit         1868
__end_of__initialization                           cinit         18A0
end_of_initialization                              cinit         18A0
__ptext15                                          text15        18AA
_strlen                                            text15        18AA
_IrcaMeasure                                       text29        18EC
__end_of_strlen                                    text15        18EC
__ptext29                                          text29        18EC
_Sht11Start                                        text23        1924
__end_of_IrcaMeasure                               text29        1924
__ptext23                                          text23        1924
_PayloadInit                                       text18        195A
__end_of_Sht11Start                                text23        195A
__ptext18                                          text18        195A
_XBeeReset                                         text43        198C
__end_of_PayloadInit                               text18        198C
__ptext43                                          text43        198C
_PowerDeepSleep                                    text9         19BE
__end_of_XBeeReset                                 text43        19BE
__ptext9                                           text9         19BE
__end_of_PowerDeepSleep                            text9         19EE
__ptext49                                          text49        19EE
_memset                                            text49        19EE
_MeasureSensors                                    text19        1A1C
__end_of_memset                                    text49        1A1C
__ptext19                                          text19        1A1C
_AdcInit                                           text8         1A42
__end_of_MeasureSensors                            text19        1A42
__ptext8                                           text8         1A42
_XBeeJoin                                          text41        1A60
__end_of_AdcInit                                   text8         1A60
__ptext41                                          text41        1A60
_ClearInterrupts                                   text54        1A7E
__end_of_XBeeJoin                                  text41        1A7E
__ptext54                                          text54        1A7E
_BspInit                                           text55        1A98
__end_of_ClearInterrupts                           text54        1A98
__ptext55                                          text55        1A98
_Irca1InitIO                                       text7         1AB2
__end_of_BspInit                                   text55        1AB2
__ptext7                                           text7         1AB2
_Delay10KTCYx                                      text51        1ACA
__end_of_Irca1InitIO                               text7         1ACA
__ptext51                                          text51        1ACA
_XBeeSerialInit                                    text2         1AE2
__end_of_Delay10KTCYx                              text51        1AE2
__ptext2                                           text2         1AE2
_Sht11Init                                         text5         1AF8
__end_of_XBeeSerialInit                            text2         1AF8
__ptext5                                           text5         1AF8
_OnWakeUp                                          text10        1B0A
__end_of_Sht11Init                                 text5         1B0A
__ptext10                                          text10        1B0A
_Delay10TCYx                                       text25        1B1C
__end_of_OnWakeUp                                  text10        1B1C
__ptext25                                          text25        1B1C
_OnDsWdtWakeUp                                     text40        1B2E
__end_of_Delay10TCYx                               text25        1B2E
__ptext40                                          text40        1B2E
_Delay100TCYx                                      text52        1B40
__end_of_OnDsWdtWakeUp                             text40        1B40
__ptext52                                          text52        1B40
_AdcReadValue                                      text32        1B52
__end_of_Delay100TCYx                              text52        1B52
__ptext32                                          text32        1B52
_OnMclr                                            text38        1B62
__end_of_AdcReadValue                              text32        1B62
__ptext38                                          text38        1B62
_AdcCalibrate                                      text33        1B72
__end_of_OnMclr                                    text38        1B72
__ptext33                                          text33        1B72
_XBeeSerialSend                                    text47        1B80
__end_of_AdcCalibrate                              text33        1B80
__ptext47                                          text47        1B80
_XBeeInit                                          text1         1B8E
__end_of_XBeeSerialSend                            text47        1B8E
__ptext1                                           text1         1B8E
_ClearDSWakeUpFlags                                text35        1B9A
__end_of_XBeeInit                                  text1         1B9A
__ptext35                                          text35        1B9A
_UnUsedPeriphericalDisable                         text37        1BA6
__end_of_ClearDSWakeUpFlags                        text35        1BA6
__ptext37                                          text37        1BA6
_ClearMclrFlags                                    text39        1BB2
__end_of_UnUsedPeriphericalDisable                 text37        1BB2
__ptext39                                          text39        1BB2
__end_of_ClearMclrFlags                            text39        1BBE
__pidataCOMRAM                                     idataCOMRAM   1BBE
_XBeeInterruptInit                                 text3         1BC8
__ptext3                                           text3         1BC8
_SensorProxyInit                                   text4         1BD2
__end_of_XBeeInterruptInit                         text3         1BD2
__ptext4                                           text4         1BD2
_IrcaInit                                          text6         1BDC
__end_of_SensorProxyInit                           text4         1BDC
__ptext6                                           text6         1BDC
_OnPowerUp                                         text36        1BE6
__end_of_IrcaInit                                  text6         1BE6
__ptext36                                          text36        1BE6
_PowerUpSHT11                                      text26        1BF0
__end_of_OnPowerUp                                 text36        1BF0
__ptext26                                          text26        1BF0
_PowerUpCO2Sensor                                  text27        1BF6
__end_of_PowerUpSHT11                              text26        1BF6
__ptext27                                          text27        1BF6
_SampleAndHoldReset                                text30        1BFC
__end_of_PowerUpCO2Sensor                          text27        1BFC
__ptext30                                          text30        1BFC
_DisableInterrupts                                 text53        1C02
__end_of_SampleAndHoldReset                        text30        1C02
__ptext53                                          text53        1C02
_PowerDownSHT11                                    text28        1C08
__end_of_DisableInterrupts                         text53        1C08
__ptext28                                          text28        1C08
_ClearNetworkInterrupt                             text34        1C0C
__end_of_PowerDownSHT11                            text28        1C0C
__ptext34                                          text34        1C0C
__S0                                               (abs)         1C10
__end_of_ClearNetworkInterrupt                     text34        1C10
__Hjflash_buffer                                   jflash_buffer F800
__Hspace_0                                         (abs)         F800
__Ljflash_buffer                                   jflash_buffer F800
