Microchip MPLAB XC8 Compiler V1.34 ()

Linker command line:

--edf=C:\Program Files (x86)\Microchip\xc8\v1.34\dat\en_msgs.txt -cs \
  -h+dist/default/production\umote-co2-d1.production.sym \
  --cmf=dist/default/production\umote-co2-d1.production.cmf -z -Q18F26J50 \
  -oC:\Users\Diego\AppData\Local\Temp\s3m0.6 \
  -Mdist/default/production/umote-co2-d1.production.map -E1 -ver=XC8 \
  -ASTACK=01E2h-0ebfh -pstack=STACK -ACODE=00h-0FFF7h -ACONST=00h-0FFF7h \
  -ASMALLCONST=0F00h-0FFFhx240,0FF00h-0FFF7h -AMEDIUMCONST=0F00h-0FFF7h \
  -ACOMRAM=01h-05Fh -AABS1=00h-0EBFh -ABIGRAM=01h-0EBFh \
  -ARAM=060h-0FFh,0100h-01FFhx13,0E00h-0EBFh -ABANK0=060h-0FFh \
  -ABANK1=0100h-01FFh -ABANK2=0200h-02FFh -ABANK3=0300h-03FFh \
  -ABANK4=0400h-04FFh -ABANK5=0500h-05FFh -ABANK6=0600h-06FFh \
  -ABANK7=0700h-07FFh -ABANK8=0800h-08FFh -ABANK9=0900h-09FFh \
  -ABANK10=0A00h-0AFFh -ABANK11=0B00h-0BFFh -ABANK12=0C00h-0CFFh \
  -ABANK13=0D00h-0DFFh -ABANK14=0E00h-0EBFh \
  -ASFR=0EC0h-0EFFh,0F00h-0F5Fh,0F60h-0FFFh \
  -preset_vec=00h,intcode,intcodelo,powerup,init,end_init -pramtop=0F00h \
  -psmallconst=SMALLCONST -pmediumconst=MEDIUMCONST -pconst=CONST \
  -AFARRAM=00h-00h -ACONFIG=0FFF8h-0FFFFh -pconfig=CONFIG \
  -pjflash_buffer=0F800h \
  -prdata=COMRAM,nvrram=COMRAM,nvbit=COMRAM,rbss=COMRAM,rbit=COMRAM \
  -pfarbss=FARRAM,fardata=FARRAM,nvFARRAM=FARRAM \
  -pintsave_regs=BIGRAM,bigbss=BIGRAM,bigdata=BIGRAM -pbss=RAM \
  -pidata=CODE,irdata=CODE,ibigdata=CODE,ifardata=CODE -prparam=COMRAM \
  C:\Users\Diego\AppData\Local\Temp\s3m0.obj \
  dist/default/production\umote-co2-d1.production.obj 

Object code version is 3.11

Machine type is 18F26J50

Call graph: (short form)




                Name                               Link     Load   Length Selector   Space Scale
C:\Users\Diego\AppData\Local\Temp\s3m0.obj
                end_init                              0        0        4        0       0
                config                             FFF8     FFF8        8     FFF8       0
dist/default/production\umote-co2-d1.production.obj
                smallconst                          F00      F00       10      780       0
                text55                             1AA2     1AA2       1A      788       0
                text54                             1A88     1A88       1A      788       0
                text53                             1C06     1C06        6      788       0
                text52                             1C00     1C00        6      788       0
                text51                             1B32     1B32       12      788       0
                text50                             1ABC     1ABC       18      788       0
                text49                             11EC     11EC       B8      788       0
                text48                             19D6     19D6       2E      788       0
                text47                             13D8     13D8       86      788       0
                text46                             1B8E     1B8E        E      788       0
                text45                             112C     112C       C0      788       0
                text44                             1840     1840       48      788       0
                text43                             15DE     15DE       72      788       0
                text42                             1974     1974       32      788       0
                text41                             17F8     17F8       48      788       0
                text40                             1A6A     1A6A       1E      788       0
                text39                             1B20     1B20       12      788       0
                text38                             1BC0     1BC0        C      788       0
                text37                             1B54     1B54       10      788       0
                text36                             1BB4     1BB4        C      788       0
                text35                             1BEA     1BEA        A      788       0
                text34                             1BA8     1BA8        C      788       0
                text33                             1C10     1C10        4      788       0
                text32                             1B80     1B80        E      788       0
                text31                             1B44     1B44       10      788       0
                text30                             14E0     14E0       82      788       0
                text29                             1A2A     1A2A       22      788       0
                text28                             1C0C     1C0C        4      788       0
                text27                             1BFA     1BFA        6      788       0
                text26                             1BF4     1BF4        6      788       0
                text25                             1B0E     1B0E       12      788       0
                text24                             16B4     16B4       62      788       0
                text23                             190C     190C       36      788       0
                text22                             1650     1650       64      788       0
                text21                             12A4     12A4       AE      788       0
                text20                             17B0     17B0       48      788       0
                text19                             1A04     1A04       26      788       0
                text18                             1942     1942       32      788       0
                text17                             1768     1768       48      788       0
                text16                             1562     1562       7C      788       0
                text15                             18CA     18CA       42      788       0
                text14                             1716     1716       52      788       0
                text13                             145E     145E       82      788       0
                text12                             102E     102E       FE      788       0
                text11                              F10      F10      11E      788       0
                text10                             1AFC     1AFC       12      788       0
                text9                              19A6     19A6       30      788       0
                text8                              1A4C     1A4C       1E      788       0
                text7                              1B72     1B72        E      788       0
                text6                              1BE0     1BE0        A      788       0
                text5                              1AEA     1AEA       12      788       0
                text4                              1B64     1B64        E      788       0
                text3                              1BD6     1BD6        A      788       0
                text2                              1AD4     1AD4       16      788       0
                text1                              1B9C     1B9C        C      788       0
                text0                              1352     1352       86      788       0
                cstackCOMRAM                          1        1       10        1       1
                cstackBANK1                         100      100       E2      100       1
                bssBANK0                             60       60       7D       60       1
                dataCOMRAM                           1C       1C        A        1       1
                bssCOMRAM                            11       11        B        1       1
                cinit                              1888     1888       42      788       0
                idataCOMRAM                        1BCC     1BCC        A      788       0

TOTAL           Name                               Link     Load   Length     Space
        CLASS   STACK          

        CLASS   CODE           
                end_init                              0        0        4         0
                text55                             1AA2     1AA2       1A         0
                text54                             1A88     1A88       1A         0
                text53                             1C06     1C06        6         0
                text52                             1C00     1C00        6         0
                text51                             1B32     1B32       12         0
                text50                             1ABC     1ABC       18         0
                text49                             11EC     11EC       B8         0
                text48                             19D6     19D6       2E         0
                text47                             13D8     13D8       86         0
                text46                             1B8E     1B8E        E         0
                text45                             112C     112C       C0         0
                text44                             1840     1840       48         0
                text43                             15DE     15DE       72         0
                text42                             1974     1974       32         0
                text41                             17F8     17F8       48         0
                text40                             1A6A     1A6A       1E         0
                text39                             1B20     1B20       12         0
                text38                             1BC0     1BC0        C         0
                text37                             1B54     1B54       10         0
                text36                             1BB4     1BB4        C         0
                text35                             1BEA     1BEA        A         0
                text34                             1BA8     1BA8        C         0
                text33                             1C10     1C10        4         0
                text32                             1B80     1B80        E         0
                text31                             1B44     1B44       10         0
                text30                             14E0     14E0       82         0
                text29                             1A2A     1A2A       22         0
                text28                             1C0C     1C0C        4         0
                text27                             1BFA     1BFA        6         0
                text26                             1BF4     1BF4        6         0
                text25                             1B0E     1B0E       12         0
                text24                             16B4     16B4       62         0
                text23                             190C     190C       36         0
                text22                             1650     1650       64         0
                text21                             12A4     12A4       AE         0
                text20                             17B0     17B0       48         0
                text19                             1A04     1A04       26         0
                text18                             1942     1942       32         0
                text17                             1768     1768       48         0
                text16                             1562     1562       7C         0
                text15                             18CA     18CA       42         0
                text14                             1716     1716       52         0
                text13                             145E     145E       82         0
                text12                             102E     102E       FE         0
                text11                              F10      F10      11E         0
                text10                             1AFC     1AFC       12         0
                text9                              19A6     19A6       30         0
                text8                              1A4C     1A4C       1E         0
                text7                              1B72     1B72        E         0
                text6                              1BE0     1BE0        A         0
                text5                              1AEA     1AEA       12         0
                text4                              1B64     1B64        E         0
                text3                              1BD6     1BD6        A         0
                text2                              1AD4     1AD4       16         0
                text1                              1B9C     1B9C        C         0
                text0                              1352     1352       86         0
                cinit                              1888     1888       42         0
                idataCOMRAM                        1BCC     1BCC        A         0

        CLASS   CONST          

        CLASS   SMALLCONST     
                smallconst                          F00      F00       10         0

        CLASS   MEDIUMCONST    

        CLASS   COMRAM         
                cstackCOMRAM                          1        1       10         1
                dataCOMRAM                           1C       1C        A         1
                bssCOMRAM                            11       11        B         1

        CLASS   ABS1           

        CLASS   BIGRAM         

        CLASS   RAM            

        CLASS   BANK0          
                bssBANK0                             60       60       7D         1

        CLASS   BANK1          
                cstackBANK1                         100      100       E2         1

        CLASS   BANK2          

        CLASS   BANK3          

        CLASS   BANK4          

        CLASS   BANK5          

        CLASS   BANK6          

        CLASS   BANK7          

        CLASS   BANK8          

        CLASS   BANK9          

        CLASS   BANK10         

        CLASS   BANK11         

        CLASS   BANK12         

        CLASS   BANK13         

        CLASS   BANK14         

        CLASS   SFR            

        CLASS   FARRAM         

        CLASS   CONFIG         
                config                             FFF8     FFF8        8         0

        CLASS   IDLOC          



SEGMENTS        Name                           Load    Length   Top    Selector   Space  Class

                reset_vec                      000000  000004  000004         0       0  CODE    
                cstackCOMRAM                   000001  000025  000026         1       1  COMRAM  
                bssBANK0                       000060  00007D  0000DD        60       1  BANK0   
                cstackBANK1                    000100  0000E2  0001E2       100       1  BANK1   
                smallconst                     000F00  000010  000F10       780       0  SMALLCON
                text11                         000F10  000D04  001C14       788       0  CODE    
                config                         00FFF8  000008  010000      FFF8       0  CONFIG  


UNUSED ADDRESS RANGES

        Name                Unused          Largest block    Delta
        BANK0            000DD-000FF              23
        BANK1            001E2-001FF              1E
        BANK10           00A00-00AFF             100
        BANK11           00B00-00BFF             100
        BANK12           00C00-00CFF             100
        BANK13           00D00-00DFF             100
        BANK14           00E00-00EBF              C0
        BANK2            00200-002FF             100
        BANK3            00300-003FF             100
        BANK4            00400-004FF             100
        BANK5            00500-005FF             100
        BANK6            00600-006FF             100
        BANK7            00700-007FF             100
        BANK8            00800-008FF             100
        BANK9            00900-009FF             100
        BIGRAM           00026-0005F              3A
                         000DD-000FF              23
                         001E2-00EBF             CDE
        CODE             00004-00EFF             EFC
                         01C14-0FFF7            E3E4
        COMRAM           00026-0005F              3A
        CONST            00004-00EFF             EFC
                         01C14-0FFF7            E3E4
        MEDIUMCONST      01C14-0FFF7            E3E4
        RAM              000DD-000FF              23
                         001E2-00EBF             100
        SFR              00EC0-00FFF              60
        SMALLCONST       01C14-0FFF7             100
        STACK            001E2-00EBF             CDE

                                  Symbol Table

?_AdcReadValue                                     cstackCOMRAM  00001
?_sprintf                                          cstackCOMRAM  00001
?_strlen                                           cstackCOMRAM  00001
AdcConvert@channel                                 cstackCOMRAM  00008
AdcConvert@i                                       cstackCOMRAM  0000D
AdcConvert@result                                  cstackCOMRAM  00003
AdcConvert@tmp                                     cstackCOMRAM  00009
Co2D1Measure@data                                  cstackCOMRAM  0000E
Delay100TCYx@unit                                  cstackCOMRAM  00001
Delay10KTCYx@unit                                  cstackCOMRAM  00002
Delay10TCYx@unit                                   cstackCOMRAM  00001
PayloadInit@i                                      cstackCOMRAM  00003
PayloadInit@payload                                cstackCOMRAM  00001
PayloadPutByte@element                             cstackCOMRAM  00003
PayloadPutByte@payload                             cstackCOMRAM  00001
PayloadPutString@buffer                            cstackCOMRAM  0000E
PayloadPutString@payload                           cstackCOMRAM  00009
PayloadPutString@string                            cstackCOMRAM  0000B
PayloadPutWord@element                             cstackCOMRAM  00003
PayloadPutWord@lsb                                 cstackCOMRAM  00006
PayloadPutWord@msb                                 cstackCOMRAM  00007
PayloadPutWord@payload                             cstackCOMRAM  00001
SendMeasures@packet                                cstackBANK1   00100
SendMeasures@payload                               cstackBANK1   0017D
Sht11Measure@data                                  cstackCOMRAM  0000D
Sht11Measure@error                                 cstackCOMRAM  0000F
Sht11MeasureParam@error                            cstackCOMRAM  0000C
Sht11MeasureParam@mode                             cstackCOMRAM  00009
Sht11MeasureParam@p_checksum                       cstackCOMRAM  00007
Sht11MeasureParam@p_value                          cstackCOMRAM  00005
Sht11Read@ack                                      cstackCOMRAM  00002
Sht11Read@i                                        cstackCOMRAM  00004
Sht11Read@val                                      cstackCOMRAM  00003
Sht11Write@error                                   cstackCOMRAM  00003
Sht11Write@i                                       cstackCOMRAM  00004
Sht11Write@value                                   cstackCOMRAM  00002
XBeeCommissioning@command                          dataCOMRAM    0001D
XBeeCommissioning@params                           cstackCOMRAM  0000F
XBeeCommissioning@timesButtonPress                 cstackCOMRAM  0000E
XBeeCreateATCommandPacket@command                  cstackCOMRAM  00004
XBeeCreateATCommandPacket@frameId                  cstackCOMRAM  00003
XBeeCreateATCommandPacket@p                        cstackCOMRAM  00006
XBeeCreateATCommandPacket@packet                   cstackCOMRAM  00001
XBeeCreateCompleteATCommandPacket@command          cstackCOMRAM  00004
XBeeCreateCompleteATCommandPacket@frameId          cstackCOMRAM  00003
XBeeCreateCompleteATCommandPacket@i                cstackCOMRAM  0000B
XBeeCreateCompleteATCommandPacket@p                cstackCOMRAM  0000C
XBeeCreateCompleteATCommandPacket@packet           cstackCOMRAM  00001
XBeeCreateCompleteATCommandPacket@params           cstackCOMRAM  00006
XBeeCreateCompleteATCommandPacket@paramsLength     cstackCOMRAM  00008
XBeeCreatePacket@packet                            cstackCOMRAM  00009
XBeeCreateTransmitRequestPacket@dataLength         cstackCOMRAM  0000A
XBeeCreateTransmitRequestPacket@destinationAddress cstackCOMRAM  00004
XBeeCreateTransmitRequestPacket@frameId            cstackCOMRAM  00003
XBeeCreateTransmitRequestPacket@i                  cstackCOMRAM  0000D
XBeeCreateTransmitRequestPacket@options            cstackCOMRAM  00007
XBeeCreateTransmitRequestPacket@p                  cstackCOMRAM  0000E
XBeeCreateTransmitRequestPacket@packet             cstackCOMRAM  00001
XBeeCreateTransmitRequestPacket@payload            cstackCOMRAM  00008
XBeeCreateTransmitRequestPacket@radius             cstackCOMRAM  00006
XBeeReset@command                                  dataCOMRAM    00020
XBeeSendPacket@p                                   cstackCOMRAM  00006
XBeeSendPacket@packet                              cstackCOMRAM  00002
XBeeSerialInit@baudrate                            cstackCOMRAM  00001
XBeeSerialSend@value                               cstackCOMRAM  00001
XBeeSetSleepMode@command                           dataCOMRAM    00023
XBeeSetSleepMode@mode                              cstackCOMRAM  0000E
XBeeSetSleepMode@params                            cstackCOMRAM  0000F
_ADCON0bits                                        (abs)         00FC2
_ADCON1bits                                        (abs)         00FC1
_ADRES                                             (abs)         00FC3
_ANCON0                                            (abs)         00F48
_ANCON0bits                                        (abs)         00F48
_ANCON1                                            (abs)         00F49
_ANCON1bits                                        (abs)         00F49
_AdcCalibrate                                      text32        01B80
_AdcConvert                                        text30        014E0
_AdcInit                                           text8         01A4C
_AdcReadValue                                      text31        01B44
_BAUDCON1bits                                      (abs)         00F7E
_BROADCAST_RADIUS                                  smallconst    00F03
_BspInit                                           text55        01AA2
_CO2OFFSET                                         smallconst    00F01
_COORDINATOR_ADDRESS                               smallconst    00F05
_ClearDSWakeUpFlags                                text34        01BA8
_ClearInterrupts                                   text54        01A88
_ClearMclrFlags                                    text38        01BC0
_ClearNetworkInterrupt                             text33        01C10
_Co2D1Init                                         text6         01BE0
_Co2D1InitIO                                       text7         01B72
_Co2D1Measure                                      text29        01A2A
_DSCONHbits                                        (abs)         00F4D
_DSCONLbits                                        (abs)         00F4C
_DSWAKEH                                           (abs)         00F4B
_DSWAKEHbits                                       (abs)         00F4B
_DSWAKEL                                           (abs)         00F4A
_DSWAKELbits                                       (abs)         00F4A
_Delay100TCYx                                      text51        01B32
_Delay10KTCYx                                      text50        01ABC
_Delay10TCYx                                       text25        01B0E
_DisableInterrupts                                 text53        01C06
_EUSART_9600                                       dataCOMRAM    0001C
_EnableDeepSleepInterrupt                          text52        01C00
_INTCON                                            (abs)         00FF2
_INTCON2bits                                       (abs)         00FF1
_INTCONbits                                        (abs)         00FF2
_IPR1                                              (abs)         00F9F
_IPR2                                              (abs)         00FA2
_IPR3                                              (abs)         00FA5
_LATAbits                                          (abs)         00F89
_MeasureSensors                                    text19        01A04
_OSCCONbits                                        (abs)         00FD3
_OSCTUNEbits                                       (abs)         00F9B
_OnDsWdtWakeUp                                     text39        01B20
_OnMclr                                            text37        01B54
_OnPowerUp                                         text35        01BEA
_OnWakeUp                                          text10        01AFC
_PIE1                                              (abs)         00F9D
_PIR1                                              (abs)         00F9E
_PIR1bits                                          (abs)         00F9E
_PIR2                                              (abs)         00FA1
_PIR3                                              (abs)         00FA4
_PORTAbits                                         (abs)         00F80
_PORTBbits                                         (abs)         00F81
_PayloadInit                                       text18        01942
_PayloadPutByte                                    text17        01768
_PayloadPutString                                  text14        01716
_PayloadPutWord                                    text13        0145E
_PowerDeepSleep                                    text9         019A6
_PowerDownSHT11                                    text28        01C0C
_PowerUpCO2Sensor                                  text27        01BFA
_PowerUpSHT11                                      text26        01BF4
_RCONbits                                          (abs)         00FD0
_RCREG1                                            (abs)         00FAF
_RCSTA1                                            (abs)         00FAC
_RCSTA1bits                                        (abs)         00FAC
_RTCCFGbits                                        (abs)         00F3F
_SENSORS                                           smallconst    00F0D
_SPBRG1                                            (abs)         00FB0
_SendMeasures                                      text11        00F10
_SensorProxyInit                                   text4         01B64
_Sht11Init                                         text5         01AEA
_Sht11Measure                                      text20        017B0
_Sht11MeasureParam                                 text21        012A4
_Sht11Read                                         text24        016B4
_Sht11Start                                        text23        0190C
_Sht11Write                                        text22        01650
_TRANSMIT_OPTIONS                                  smallconst    00F04
_TRISAbits                                         (abs)         00F92
_TRISBbits                                         (abs)         00F93
_TRISCbits                                         (abs)         00F94
_TXREG1                                            (abs)         00FAE
_TXSTA1bits                                        (abs)         00FAD
_UCONbits                                          (abs)         00F65
_UnUsedPeriphericalDisable                         text36        01BB4
_WDTCONbits                                        (abs)         00FC0
_XBeeCommissioning                                 text44        01840
_XBeeCreateATCommandPacket                         text43        015DE
_XBeeCreateCompleteATCommandPacket                 text49        011EC
_XBeeCreatePacket                                  text47        013D8
_XBeeCreateTransmitRequestPacket                   text12        0102E
_XBeeInit                                          text1         01B9C
_XBeeInterruptInit                                 text3         01BD6
_XBeeJoin                                          text40        01A6A
_XBeeReset                                         text42        01974
_XBeeSendPacket                                    text45        0112C
_XBeeSerialInit                                    text2         01AD4
_XBeeSerialSend                                    text46        01B8E
_XBeeSetSleepMode                                  text41        017F8
__CFG_CP0$OFF                                      (abs)         00000
__CFG_CPUDIV$OSC1                                  (abs)         00000
__CFG_DSBOREN$OFF                                  (abs)         00000
__CFG_DSWDTEN$OFF                                  (abs)         00000
__CFG_DSWDTOSC$INTOSCREF                           (abs)         00000
__CFG_DSWDTPS$M2                                   (abs)         00000
__CFG_FCMEN$OFF                                    (abs)         00000
__CFG_IESO$OFF                                     (abs)         00000
__CFG_IOL1WAY$OFF                                  (abs)         00000
__CFG_MSSP7B_EN$MSK7                               (abs)         00000
__CFG_OSC$INTOSC                                   (abs)         00000
__CFG_RTCOSC$INTOSCREF                             (abs)         00000
__CFG_STVREN$ON                                    (abs)         00000
__CFG_WDTEN$OFF                                    (abs)         00000
__CFG_WDTPS$1024                                   (abs)         00000
__CFG_WPCFG$OFF                                    (abs)         00000
__CFG_WPDIS$OFF                                    (abs)         00000
__CFG_WPEND$PAGE_0                                 (abs)         00000
__CFG_WPFP$PAGE_1                                  (abs)         00000
__CFG_XINST$OFF                                    (abs)         00000
__HRAM                                             (abs)         00000
__Habs1                                            abs1          00000
__Hbank0                                           bank0         00000
__Hbank1                                           bank1         00000
__Hbank10                                          bank10        00000
__Hbank11                                          bank11        00000
__Hbank12                                          bank12        00000
__Hbank13                                          bank13        00000
__Hbank14                                          bank14        00000
__Hbank2                                           bank2         00000
__Hbank3                                           bank3         00000
__Hbank4                                           bank4         00000
__Hbank5                                           bank5         00000
__Hbank6                                           bank6         00000
__Hbank7                                           bank7         00000
__Hbank8                                           bank8         00000
__Hbank9                                           bank9         00000
__Hbigbss                                          bigbss        00000
__Hbigdata                                         bigdata       00000
__Hbigram                                          bigram        00000
__Hbss                                             bss           00000
__HbssBANK0                                        bssBANK0      00000
__HbssCOMRAM                                       bssCOMRAM     00000
__Hcinit                                           cinit         00000
__Hclrtext                                         clrtext       00000
__Hcomram                                          comram        00000
__Hconfig                                          config        10000
__Hconst                                           const         00000
__HcstackBANK1                                     cstackBANK1   00000
__HcstackCOMRAM                                    cstackCOMRAM  00000
__Hdata                                            data          00000
__HdataCOMRAM                                      dataCOMRAM    00000
__Hend_init                                        end_init      00004
__Hfarbss                                          farbss        00000
__Hfardata                                         fardata       00000
__Hibigdata                                        ibigdata      00000
__Hidata                                           idata         00000
__HidataCOMRAM                                     idataCOMRAM   00000
__Hidloc                                           idloc         00000
__Hifardata                                        ifardata      00000
__Hinit                                            init          00000
__Hintcode                                         intcode       00000
__Hintcode_body                                    intcode_body  00000
__Hintcodelo                                       intcodelo     00000
__Hintentry                                        intentry      00000
__Hintret                                          intret        00000
__Hintsave_regs                                    intsave_regs  00000
__Hirdata                                          irdata        00000
__Hjflash_buffer                                   jflash_buffer 0F800
__Hmediumconst                                     mediumconst   00000
__HnvFARRAM                                        nvFARRAM      00000
__Hnvbit                                           nvbit         00000
__Hnvrram                                          nvrram        00000
__Hparam                                           rparam        00000
__Hpowerup                                         powerup       00000
__Hram                                             ram           00000
__Hramtop                                          ramtop        00F00
__Hrbit                                            rbit          00000
__Hrbss                                            rbss          00000
__Hrdata                                           rdata         00000
__Hreset_vec                                       reset_vec     00000
__Hrparam                                          rparam        00000
__Hsfr                                             sfr           00000
__Hsmallconst                                      smallconst    00F10
__Hspace_0                                         (abs)         10000
__Hspace_1                                         (abs)         001E2
__Hspace_2                                         (abs)         00000
__Hstack                                           stack         00000
__Hstruct                                          struct        00000
__Htemp                                            temp          00000
__Htext                                            text          00000
__Htext0                                           text0         00000
__Htext1                                           text1         00000
__Htext10                                          text10        00000
__Htext11                                          text11        00000
__Htext12                                          text12        00000
__Htext13                                          text13        00000
__Htext14                                          text14        00000
__Htext15                                          text15        00000
__Htext16                                          text16        00000
__Htext17                                          text17        00000
__Htext18                                          text18        00000
__Htext19                                          text19        00000
__Htext2                                           text2         00000
__Htext20                                          text20        00000
__Htext21                                          text21        00000
__Htext22                                          text22        00000
__Htext23                                          text23        00000
__Htext24                                          text24        00000
__Htext25                                          text25        00000
__Htext26                                          text26        00000
__Htext27                                          text27        00000
__Htext28                                          text28        00000
__Htext29                                          text29        00000
__Htext3                                           text3         00000
__Htext30                                          text30        00000
__Htext31                                          text31        00000
__Htext32                                          text32        00000
__Htext33                                          text33        00000
__Htext34                                          text34        00000
__Htext35                                          text35        00000
__Htext36                                          text36        00000
__Htext37                                          text37        00000
__Htext38                                          text38        00000
__Htext39                                          text39        00000
__Htext4                                           text4         00000
__Htext40                                          text40        00000
__Htext41                                          text41        00000
__Htext42                                          text42        00000
__Htext43                                          text43        00000
__Htext44                                          text44        00000
__Htext45                                          text45        00000
__Htext46                                          text46        00000
__Htext47                                          text47        00000
__Htext48                                          text48        00000
__Htext49                                          text49        00000
__Htext5                                           text5         00000
__Htext50                                          text50        00000
__Htext51                                          text51        00000
__Htext52                                          text52        00000
__Htext53                                          text53        00000
__Htext54                                          text54        00000
__Htext55                                          text55        00000
__Htext6                                           text6         00000
__Htext7                                           text7         00000
__Htext8                                           text8         00000
__Htext9                                           text9         00000
__LRAM                                             (abs)         00001
__Labs1                                            abs1          00000
__Lbank0                                           bank0         00000
__Lbank1                                           bank1         00000
__Lbank10                                          bank10        00000
__Lbank11                                          bank11        00000
__Lbank12                                          bank12        00000
__Lbank13                                          bank13        00000
__Lbank14                                          bank14        00000
__Lbank2                                           bank2         00000
__Lbank3                                           bank3         00000
__Lbank4                                           bank4         00000
__Lbank5                                           bank5         00000
__Lbank6                                           bank6         00000
__Lbank7                                           bank7         00000
__Lbank8                                           bank8         00000
__Lbank9                                           bank9         00000
__Lbigbss                                          bigbss        00000
__Lbigdata                                         bigdata       00000
__Lbigram                                          bigram        00000
__Lbss                                             bss           00000
__LbssBANK0                                        bssBANK0      00000
__LbssCOMRAM                                       bssCOMRAM     00000
__Lcinit                                           cinit         00000
__Lclrtext                                         clrtext       00000
__Lcomram                                          comram        00000
__Lconfig                                          config        0FFF8
__Lconst                                           const         00000
__LcstackBANK1                                     cstackBANK1   00000
__LcstackCOMRAM                                    cstackCOMRAM  00000
__Ldata                                            data          00000
__LdataCOMRAM                                      dataCOMRAM    00000
__Lend_init                                        end_init      00000
__Lfarbss                                          farbss        00000
__Lfardata                                         fardata       00000
__Libigdata                                        ibigdata      00000
__Lidata                                           idata         00000
__LidataCOMRAM                                     idataCOMRAM   00000
__Lidloc                                           idloc         00000
__Lifardata                                        ifardata      00000
__Linit                                            init          00000
__Lintcode                                         intcode       00000
__Lintcode_body                                    intcode_body  00000
__Lintcodelo                                       intcodelo     00000
__Lintentry                                        intentry      00000
__Lintret                                          intret        00000
__Lintsave_regs                                    intsave_regs  00000
__Lirdata                                          irdata        00000
__Ljflash_buffer                                   jflash_buffer 0F800
__Lmediumconst                                     mediumconst   00000
__LnvFARRAM                                        nvFARRAM      00000
__Lnvbit                                           nvbit         00000
__Lnvrram                                          nvrram        00000
__Lparam                                           rparam        00000
__Lpowerup                                         powerup       00000
__Lram                                             ram           00000
__Lramtop                                          ramtop        00F00
__Lrbit                                            rbit          00000
__Lrbss                                            rbss          00000
__Lrdata                                           rdata         00000
__Lreset_vec                                       reset_vec     00000
__Lrparam                                          rparam        00000
__Lsfr                                             sfr           00000
__Lsmallconst                                      smallconst    00F00
__Lspace_0                                         (abs)         00000
__Lspace_1                                         (abs)         00000
__Lspace_2                                         (abs)         00000
__Lstack                                           stack         00000
__Lstruct                                          struct        00000
__Ltemp                                            temp          00000
__Ltext                                            text          00000
__Ltext0                                           text0         00000
__Ltext1                                           text1         00000
__Ltext10                                          text10        00000
__Ltext11                                          text11        00000
__Ltext12                                          text12        00000
__Ltext13                                          text13        00000
__Ltext14                                          text14        00000
__Ltext15                                          text15        00000
__Ltext16                                          text16        00000
__Ltext17                                          text17        00000
__Ltext18                                          text18        00000
__Ltext19                                          text19        00000
__Ltext2                                           text2         00000
__Ltext20                                          text20        00000
__Ltext21                                          text21        00000
__Ltext22                                          text22        00000
__Ltext23                                          text23        00000
__Ltext24                                          text24        00000
__Ltext25                                          text25        00000
__Ltext26                                          text26        00000
__Ltext27                                          text27        00000
__Ltext28                                          text28        00000
__Ltext29                                          text29        00000
__Ltext3                                           text3         00000
__Ltext30                                          text30        00000
__Ltext31                                          text31        00000
__Ltext32                                          text32        00000
__Ltext33                                          text33        00000
__Ltext34                                          text34        00000
__Ltext35                                          text35        00000
__Ltext36                                          text36        00000
__Ltext37                                          text37        00000
__Ltext38                                          text38        00000
__Ltext39                                          text39        00000
__Ltext4                                           text4         00000
__Ltext40                                          text40        00000
__Ltext41                                          text41        00000
__Ltext42                                          text42        00000
__Ltext43                                          text43        00000
__Ltext44                                          text44        00000
__Ltext45                                          text45        00000
__Ltext46                                          text46        00000
__Ltext47                                          text47        00000
__Ltext48                                          text48        00000
__Ltext49                                          text49        00000
__Ltext5                                           text5         00000
__Ltext50                                          text50        00000
__Ltext51                                          text51        00000
__Ltext52                                          text52        00000
__Ltext53                                          text53        00000
__Ltext54                                          text54        00000
__Ltext55                                          text55        00000
__Ltext6                                           text6         00000
__Ltext7                                           text7         00000
__Ltext8                                           text8         00000
__Ltext9                                           text9         00000
__S0                                               (abs)         10000
__S1                                               (abs)         001E2
__S2                                               (abs)         00000
___inthi_sp                                        stack         00000
___intlo_sp                                        stack         00000
___param_bank                                      (abs)         00010
___rparam_used                                     (abs)         00001
___sp                                              stack         00000
__accesstop                                        (abs)         00060
__activetblptr                                     (abs)         00002
__end_of_AdcCalibrate                              text32        01B8E
__end_of_AdcConvert                                text30        01562
__end_of_AdcInit                                   text8         01A6A
__end_of_AdcReadValue                              text31        01B54
__end_of_BROADCAST_RADIUS                          smallconst    00F04
__end_of_BspInit                                   text55        01ABC
__end_of_CO2OFFSET                                 smallconst    00F03
__end_of_COORDINATOR_ADDRESS                       smallconst    00F0D
__end_of_ClearDSWakeUpFlags                        text34        01BB4
__end_of_ClearInterrupts                           text54        01AA2
__end_of_ClearMclrFlags                            text38        01BCC
__end_of_ClearNetworkInterrupt                     text33        01C14
__end_of_Co2D1Init                                 text6         01BEA
__end_of_Co2D1InitIO                               text7         01B80
__end_of_Co2D1Measure                              text29        01A4C
__end_of_Delay100TCYx                              text51        01B44
__end_of_Delay10KTCYx                              text50        01AD4
__end_of_Delay10TCYx                               text25        01B20
__end_of_DisableInterrupts                         text53        01C0C
__end_of_EnableDeepSleepInterrupt                  text52        01C06
__end_of_MeasureSensors                            text19        01A2A
__end_of_OnDsWdtWakeUp                             text39        01B32
__end_of_OnMclr                                    text37        01B64
__end_of_OnPowerUp                                 text35        01BF4
__end_of_OnWakeUp                                  text10        01B0E
__end_of_PayloadInit                               text18        01974
__end_of_PayloadPutByte                            text17        017B0
__end_of_PayloadPutString                          text14        01768
__end_of_PayloadPutWord                            text13        014E0
__end_of_PowerDeepSleep                            text9         019D6
__end_of_PowerDownSHT11                            text28        01C10
__end_of_PowerUpCO2Sensor                          text27        01C00
__end_of_PowerUpSHT11                              text26        01BFA
__end_of_SENSORS                                   smallconst    00F0F
__end_of_SendMeasures                              text11        0102E
__end_of_SensorProxyInit                           text4         01B72
__end_of_Sht11Init                                 text5         01AFC
__end_of_Sht11Measure                              text20        017F8
__end_of_Sht11MeasureParam                         text21        01352
__end_of_Sht11Read                                 text24        01716
__end_of_Sht11Start                                text23        01942
__end_of_Sht11Write                                text22        016B4
__end_of_TRANSMIT_OPTIONS                          smallconst    00F05
__end_of_UnUsedPeriphericalDisable                 text36        01BC0
__end_of_XBeeCommissioning                         text44        01888
__end_of_XBeeCreateATCommandPacket                 text43        01650
__end_of_XBeeCreateCompleteATCommandPacket         text49        012A4
__end_of_XBeeCreatePacket                          text47        0145E
__end_of_XBeeCreateTransmitRequestPacket           text12        0112C
__end_of_XBeeInit                                  text1         01BA8
__end_of_XBeeInterruptInit                         text3         01BE0
__end_of_XBeeJoin                                  text40        01A88
__end_of_XBeeReset                                 text42        019A6
__end_of_XBeeSendPacket                            text45        011EC
__end_of_XBeeSerialInit                            text2         01AEA
__end_of_XBeeSerialSend                            text46        01B9C
__end_of_XBeeSetSleepMode                          text41        01840
__end_of__initialization                           cinit         018C0
__end_of_main                                      text0         013D8
__end_of_memset                                    text48        01A04
__end_of_sprintf                                   text16        015DE
__end_of_strlen                                    text15        0190C
__initialization                                   cinit         01888
__mediumconst                                      mediumconst   00000
__pbssBANK0                                        bssBANK0      00060
__pbssCOMRAM                                       bssCOMRAM     00011
__pcinit                                           cinit         01888
__pcstackBANK1                                     cstackBANK1   00100
__pcstackCOMRAM                                    cstackCOMRAM  00001
__pdataCOMRAM                                      dataCOMRAM    0001C
__pidataCOMRAM                                     idataCOMRAM   01BCC
__psmallconst                                      smallconst    00F00
__ptext0                                           text0         01352
__ptext1                                           text1         01B9C
__ptext10                                          text10        01AFC
__ptext11                                          text11        00F10
__ptext12                                          text12        0102E
__ptext13                                          text13        0145E
__ptext14                                          text14        01716
__ptext15                                          text15        018CA
__ptext16                                          text16        01562
__ptext17                                          text17        01768
__ptext18                                          text18        01942
__ptext19                                          text19        01A04
__ptext2                                           text2         01AD4
__ptext20                                          text20        017B0
__ptext21                                          text21        012A4
__ptext22                                          text22        01650
__ptext23                                          text23        0190C
__ptext24                                          text24        016B4
__ptext25                                          text25        01B0E
__ptext26                                          text26        01BF4
__ptext27                                          text27        01BFA
__ptext28                                          text28        01C0C
__ptext29                                          text29        01A2A
__ptext3                                           text3         01BD6
__ptext30                                          text30        014E0
__ptext31                                          text31        01B44
__ptext32                                          text32        01B80
__ptext33                                          text33        01C10
__ptext34                                          text34        01BA8
__ptext35                                          text35        01BEA
__ptext36                                          text36        01BB4
__ptext37                                          text37        01B54
__ptext38                                          text38        01BC0
__ptext39                                          text39        01B20
__ptext4                                           text4         01B64
__ptext40                                          text40        01A6A
__ptext41                                          text41        017F8
__ptext42                                          text42        01974
__ptext43                                          text43        015DE
__ptext44                                          text44        01840
__ptext45                                          text45        0112C
__ptext46                                          text46        01B8E
__ptext47                                          text47        013D8
__ptext48                                          text48        019D6
__ptext49                                          text49        011EC
__ptext5                                           text5         01AEA
__ptext50                                          text50        01ABC
__ptext51                                          text51        01B32
__ptext52                                          text52        01C00
__ptext53                                          text53        01C06
__ptext54                                          text54        01A88
__ptext55                                          text55        01AA2
__ptext6                                           text6         01BE0
__ptext7                                           text7         01B72
__ptext8                                           text8         01A4C
__ptext9                                           text9         019A6
__ramtop                                           ramtop        00F00
__size_of_AdcCalibrate                             (abs)         00000
__size_of_AdcConvert                               (abs)         00000
__size_of_AdcInit                                  (abs)         00000
__size_of_AdcReadValue                             (abs)         00000
__size_of_BspInit                                  (abs)         00000
__size_of_ClearDSWakeUpFlags                       (abs)         00000
__size_of_ClearInterrupts                          (abs)         00000
__size_of_ClearMclrFlags                           (abs)         00000
__size_of_ClearNetworkInterrupt                    (abs)         00000
__size_of_Co2D1Init                                (abs)         00000
__size_of_Co2D1InitIO                              (abs)         00000
__size_of_Co2D1Measure                             (abs)         00000
__size_of_Delay100TCYx                             (abs)         00000
__size_of_Delay10KTCYx                             (abs)         00000
__size_of_Delay10TCYx                              (abs)         00000
__size_of_DisableInterrupts                        (abs)         00000
__size_of_EnableDeepSleepInterrupt                 (abs)         00000
__size_of_MeasureSensors                           (abs)         00000
__size_of_OnDsWdtWakeUp                            (abs)         00000
__size_of_OnMclr                                   (abs)         00000
__size_of_OnPowerUp                                (abs)         00000
__size_of_OnWakeUp                                 (abs)         00000
__size_of_PayloadInit                              (abs)         00000
__size_of_PayloadPutByte                           (abs)         00000
__size_of_PayloadPutString                         (abs)         00000
__size_of_PayloadPutWord                           (abs)         00000
__size_of_PowerDeepSleep                           (abs)         00000
__size_of_PowerDownSHT11                           (abs)         00000
__size_of_PowerUpCO2Sensor                         (abs)         00000
__size_of_PowerUpSHT11                             (abs)         00000
__size_of_SendMeasures                             (abs)         00000
__size_of_SensorProxyInit                          (abs)         00000
__size_of_Sht11Init                                (abs)         00000
__size_of_Sht11Measure                             (abs)         00000
__size_of_Sht11MeasureParam                        (abs)         00000
__size_of_Sht11Read                                (abs)         00000
__size_of_Sht11Start                               (abs)         00000
__size_of_Sht11Write                               (abs)         00000
__size_of_UnUsedPeriphericalDisable                (abs)         00000
__size_of_XBeeCommissioning                        (abs)         00000
__size_of_XBeeCreateATCommandPacket                (abs)         00000
__size_of_XBeeCreateCompleteATCommandPacket        (abs)         00000
__size_of_XBeeCreatePacket                         (abs)         00000
__size_of_XBeeCreateTransmitRequestPacket          (abs)         00000
__size_of_XBeeInit                                 (abs)         00000
__size_of_XBeeInterruptInit                        (abs)         00000
__size_of_XBeeJoin                                 (abs)         00000
__size_of_XBeeReset                                (abs)         00000
__size_of_XBeeSendPacket                           (abs)         00000
__size_of_XBeeSerialInit                           (abs)         00000
__size_of_XBeeSerialSend                           (abs)         00000
__size_of_XBeeSetSleepMode                         (abs)         00000
__size_of_main                                     (abs)         00000
__size_of_memset                                   (abs)         00000
__size_of_sprintf                                  (abs)         00000
__size_of_strlen                                   (abs)         00000
__smallconst                                       smallconst    00F00
_co2d1Data                                         bssCOMRAM     00018
_count                                             bssCOMRAM     00011
_joinPacket                                        bssBANK0      00060
_main                                              text0         01352
_memset                                            text48        019D6
_shtData                                           bssCOMRAM     00012
_sprintf                                           text16        01562
_strlen                                            text15        018CA
end_of_initialization                              cinit         018C0
intlevel0                                          text          00000
intlevel1                                          text          00000
intlevel2                                          text          00000
intlevel3                                          text          00000
memset@c                                           cstackCOMRAM  00003
memset@n                                           cstackCOMRAM  00005
memset@p                                           cstackCOMRAM  00007
memset@p1                                          cstackCOMRAM  00001
sprintf@ap                                         cstackCOMRAM  00005
sprintf@c                                          cstackCOMRAM  00008
sprintf@f                                          cstackCOMRAM  00003
sprintf@flag                                       cstackCOMRAM  00007
sprintf@sp                                         cstackCOMRAM  00001
stackhi                                            (abs)         00EBF
stacklo                                            (abs)         001E2
start                                              init          00000
start_initialization                               cinit         01888
strlen@cp                                          cstackCOMRAM  00005
strlen@s                                           cstackCOMRAM  00001


FUNCTION INFORMATION:

 *************** function _main *****************
 Defined at:
		line 10 in file "main.c"
 Parameters:    Size  Location     Type
		None
 Auto vars:     Size  Location     Type
		None
 Return value:  Size  Location     Type
                  2  324[None  ] int 
 Registers used:
		wreg, fsr1l, fsr1h, fsr2l, fsr2h, status,2, status,0, tblptrl, tblptrh, tblptru, prodl, prodh, cstack
 Tracked objects:
		On entry : 
		On exit  : 
		Unchanged: 
 Data sizes:     COMRAM   BANK0   BANK1   BANK2   BANK3   BANK4   BANK5   BANK6   BANK7   BANK8   BANK9  BANK10  BANK11  BANK12  BANK13  BANK14
      Params:         0       0       0       0       0       0       0       0       0       0       0       0       0       0       0       0
      Locals:         0       0       0       0       0       0       0       0       0       0       0       0       0       0       0       0
      Temps:          0       0       0       0       0       0       0       0       0       0       0       0       0       0       0       0
      Totals:         0       0       0       0       0       0       0       0       0       0       0       0       0       0       0       0
Total ram usage:        0 bytes
 Hardware stack levels required when called:    6
 This function calls:
		_BspInit
		_ClearInterrupts
		_DisableInterrupts
		_EnableDeepSleepInterrupt
		_OnDsWdtWakeUp
		_OnMclr
		_OnPowerUp
		_OnWakeUp
		_PowerDeepSleep
		_SensorProxyInit
		_XBeeInit
 This function is called by:
		Startup code after reset
 This function uses a non-reentrant model


 *************** function _XBeeInit *****************
 Defined at:
		line 25 in file "xbee/digi_hw.c"
 Parameters:    Size  Location     Type
		None
 Auto vars:     Size  Location     Type
		None
 Return value:  Size  Location     Type
		None               void
 Registers used:
		wreg, status,2, cstack
 Tracked objects:
		On entry : 
		On exit  : 
		Unchanged: 
 Data sizes:     COMRAM   BANK0   BANK1   BANK2   BANK3   BANK4   BANK5   BANK6   BANK7   BANK8   BANK9  BANK10  BANK11  BANK12  BANK13  BANK14
      Params:         0       0       0       0       0       0       0       0       0       0       0       0       0       0       0       0
      Locals:         0       0       0       0       0       0       0       0       0       0       0       0       0       0       0       0
      Temps:          0       0       0       0       0       0       0       0       0       0       0       0       0       0       0       0
      Totals:         0       0       0       0       0       0       0       0       0       0       0       0       0       0       0       0
Total ram usage:        0 bytes
 Hardware stack levels used:    1
 Hardware stack levels required when called:    1
 This function calls:
		_XBeeInterruptInit
		_XBeeSerialInit
 This function is called by:
		_main
 This function uses a non-reentrant model


 *************** function _XBeeSerialInit *****************
 Defined at:
		line 20 in file "xbee/digi_serial.c"
 Parameters:    Size  Location     Type
  baudrate        1    wreg     unsigned char 
 Auto vars:     Size  Location     Type
  baudrate        1    0[COMRAM] unsigned char 
 Return value:  Size  Location     Type
		None               void
 Registers used:
		wreg
 Tracked objects:
		On entry : 
		On exit  : 
		Unchanged: 
 Data sizes:     COMRAM   BANK0   BANK1   BANK2   BANK3   BANK4   BANK5   BANK6   BANK7   BANK8   BANK9  BANK10  BANK11  BANK12  BANK13  BANK14
      Params:         0       0       0       0       0       0       0       0       0       0       0       0       0       0       0       0
      Locals:         1       0       0       0       0       0       0       0       0       0       0       0       0       0       0       0
      Temps:          0       0       0       0       0       0       0       0       0       0       0       0       0       0       0       0
      Totals:         1       0       0       0       0       0       0       0       0       0       0       0       0       0       0       0
Total ram usage:        1 bytes
 Hardware stack levels used:    1
 This function calls:
		Nothing
 This function is called by:
		_XBeeInit
 This function uses a non-reentrant model


 *************** function _XBeeInterruptInit *****************
 Defined at:
		line 30 in file "xbee/digi_hw.c"
 Parameters:    Size  Location     Type
		None
 Auto vars:     Size  Location     Type
		None
 Return value:  Size  Location     Type
		None               void
 Registers used:
		None
 Tracked objects:
		On entry : 
		On exit  : 
		Unchanged: 
 Data sizes:     COMRAM   BANK0   BANK1   BANK2   BANK3   BANK4   BANK5   BANK6   BANK7   BANK8   BANK9  BANK10  BANK11  BANK12  BANK13  BANK14
      Params:         0       0       0       0       0       0       0       0       0       0       0       0       0       0       0       0
      Locals:         0       0       0       0       0       0       0       0       0       0       0       0       0       0       0       0
      Temps:          0       0       0       0       0       0       0       0       0       0       0       0       0       0       0       0
      Totals:         0       0       0       0       0       0       0       0       0       0       0       0       0       0       0       0
Total ram usage:        0 bytes
 Hardware stack levels used:    1
 This function calls:
		Nothing
 This function is called by:
		_XBeeInit
 This function uses a non-reentrant model


 *************** function _SensorProxyInit *****************
 Defined at:
		line 20 in file "sensor_proxy.c"
 Parameters:    Size  Location     Type
		None
 Auto vars:     Size  Location     Type
		None
 Return value:  Size  Location     Type
		None               void
 Registers used:
		wreg, status,2, cstack
 Tracked objects:
		On entry : 
		On exit  : 
		Unchanged: 
 Data sizes:     COMRAM   BANK0   BANK1   BANK2   BANK3   BANK4   BANK5   BANK6   BANK7   BANK8   BANK9  BANK10  BANK11  BANK12  BANK13  BANK14
      Params:         0       0       0       0       0       0       0       0       0       0       0       0       0       0       0       0
      Locals:         0       0       0       0       0       0       0       0       0       0       0       0       0       0       0       0
      Temps:          0       0       0       0       0       0       0       0       0       0       0       0       0       0       0       0
      Totals:         0       0       0       0       0       0       0       0       0       0       0       0       0       0       0       0
Total ram usage:        0 bytes
 Hardware stack levels used:    1
 Hardware stack levels required when called:    2
 This function calls:
		_Co2D1Init
		_PowerUpCO2Sensor
		_Sht11Init
 This function is called by:
		_main
 This function uses a non-reentrant model


 *************** function _Sht11Init *****************
 Defined at:
		line 32 in file "sht/sht.c"
 Parameters:    Size  Location     Type
		None
 Auto vars:     Size  Location     Type
		None
 Return value:  Size  Location     Type
		None               void
 Registers used:
		None
 Tracked objects:
		On entry : 
		On exit  : 
		Unchanged: 
 Data sizes:     COMRAM   BANK0   BANK1   BANK2   BANK3   BANK4   BANK5   BANK6   BANK7   BANK8   BANK9  BANK10  BANK11  BANK12  BANK13  BANK14
      Params:         0       0       0       0       0       0       0       0       0       0       0       0       0       0       0       0
      Locals:         0       0       0       0       0       0       0       0       0       0       0       0       0       0       0       0
      Temps:          0       0       0       0       0       0       0       0       0       0       0       0       0       0       0       0
      Totals:         0       0       0       0       0       0       0       0       0       0       0       0       0       0       0       0
Total ram usage:        0 bytes
 Hardware stack levels used:    1
 This function calls:
		Nothing
 This function is called by:
		_SensorProxyInit
 This function uses a non-reentrant model


 *************** function _Co2D1Init *****************
 Defined at:
		line 6 in file "co2-d1/co2-d1.c"
 Parameters:    Size  Location     Type
		None
 Auto vars:     Size  Location     Type
		None
 Return value:  Size  Location     Type
		None               void
 Registers used:
		wreg, status,2, cstack
 Tracked objects:
		On entry : 
		On exit  : 
		Unchanged: 
 Data sizes:     COMRAM   BANK0   BANK1   BANK2   BANK3   BANK4   BANK5   BANK6   BANK7   BANK8   BANK9  BANK10  BANK11  BANK12  BANK13  BANK14
      Params:         0       0       0       0       0       0       0       0       0       0       0       0       0       0       0       0
      Locals:         0       0       0       0       0       0       0       0       0       0       0       0       0       0       0       0
      Temps:          0       0       0       0       0       0       0       0       0       0       0       0       0       0       0       0
      Totals:         0       0       0       0       0       0       0       0       0       0       0       0       0       0       0       0
Total ram usage:        0 bytes
 Hardware stack levels used:    1
 Hardware stack levels required when called:    1
 This function calls:
		_AdcInit
		_Co2D1InitIO
 This function is called by:
		_SensorProxyInit
 This function uses a non-reentrant model


 *************** function _Co2D1InitIO *****************
 Defined at:
		line 16 in file "co2-d1/co2-d1.c"
 Parameters:    Size  Location     Type
		None
 Auto vars:     Size  Location     Type
		None
 Return value:  Size  Location     Type
		None               void
 Registers used:
		None
 Tracked objects:
		On entry : 
		On exit  : 
		Unchanged: 
 Data sizes:     COMRAM   BANK0   BANK1   BANK2   BANK3   BANK4   BANK5   BANK6   BANK7   BANK8   BANK9  BANK10  BANK11  BANK12  BANK13  BANK14
      Params:         0       0       0       0       0       0       0       0       0       0       0       0       0       0       0       0
      Locals:         0       0       0       0       0       0       0       0       0       0       0       0       0       0       0       0
      Temps:          0       0       0       0       0       0       0       0       0       0       0       0       0       0       0       0
      Totals:         0       0       0       0       0       0       0       0       0       0       0       0       0       0       0       0
Total ram usage:        0 bytes
 Hardware stack levels used:    1
 This function calls:
		Nothing
 This function is called by:
		_Co2D1Init
 This function uses a non-reentrant model


 *************** function _AdcInit *****************
 Defined at:
		line 14 in file "adc/averaged_adc.c"
 Parameters:    Size  Location     Type
		None
 Auto vars:     Size  Location     Type
		None
 Return value:  Size  Location     Type
		None               void
 Registers used:
		wreg, status,2
 Tracked objects:
		On entry : 
		On exit  : 
		Unchanged: 
 Data sizes:     COMRAM   BANK0   BANK1   BANK2   BANK3   BANK4   BANK5   BANK6   BANK7   BANK8   BANK9  BANK10  BANK11  BANK12  BANK13  BANK14
      Params:         0       0       0       0       0       0       0       0       0       0       0       0       0       0       0       0
      Locals:         0       0       0       0       0       0       0       0       0       0       0       0       0       0       0       0
      Temps:          0       0       0       0       0       0       0       0       0       0       0       0       0       0       0       0
      Totals:         0       0       0       0       0       0       0       0       0       0       0       0       0       0       0       0
Total ram usage:        0 bytes
 Hardware stack levels used:    1
 This function calls:
		Nothing
 This function is called by:
		_Co2D1Init
 This function uses a non-reentrant model


 *************** function _PowerDeepSleep *****************
 Defined at:
		line 255 in file "power.c"
 Parameters:    Size  Location     Type
		None
 Auto vars:     Size  Location     Type
		None
 Return value:  Size  Location     Type
		None               void
 Registers used:
		wreg, status,2
 Tracked objects:
		On entry : 
		On exit  : 
		Unchanged: 
 Data sizes:     COMRAM   BANK0   BANK1   BANK2   BANK3   BANK4   BANK5   BANK6   BANK7   BANK8   BANK9  BANK10  BANK11  BANK12  BANK13  BANK14
      Params:         0       0       0       0       0       0       0       0       0       0       0       0       0       0       0       0
      Locals:         0       0       0       0       0       0       0       0       0       0       0       0       0       0       0       0
      Temps:          0       0       0       0       0       0       0       0       0       0       0       0       0       0       0       0
      Totals:         0       0       0       0       0       0       0       0       0       0       0       0       0       0       0       0
Total ram usage:        0 bytes
 Hardware stack levels used:    1
 This function calls:
		Nothing
 This function is called by:
		_main
 This function uses a non-reentrant model


 *************** function _OnWakeUp *****************
 Defined at:
		line 28 in file "opController.c"
 Parameters:    Size  Location     Type
		None
 Auto vars:     Size  Location     Type
		None
 Return value:  Size  Location     Type
		None               void
 Registers used:
		wreg, fsr1l, fsr1h, fsr2l, fsr2h, status,2, status,0, tblptrl, tblptrh, tblptru, prodl, prodh, cstack
 Tracked objects:
		On entry : 
		On exit  : 
		Unchanged: 
 Data sizes:     COMRAM   BANK0   BANK1   BANK2   BANK3   BANK4   BANK5   BANK6   BANK7   BANK8   BANK9  BANK10  BANK11  BANK12  BANK13  BANK14
      Params:         0       0       0       0       0       0       0       0       0       0       0       0       0       0       0       0
      Locals:         0       0       0       0       0       0       0       0       0       0       0       0       0       0       0       0
      Temps:          0       0       0       0       0       0       0       0       0       0       0       0       0       0       0       0
      Totals:         0       0       0       0       0       0       0       0       0       0       0       0       0       0       0       0
Total ram usage:        0 bytes
 Hardware stack levels used:    1
 Hardware stack levels required when called:    5
 This function calls:
		_ClearDSWakeUpFlags
		_ClearNetworkInterrupt
		_MeasureSensors
		_SendMeasures
 This function is called by:
		_main
 This function uses a non-reentrant model


 *************** function _SendMeasures *****************
 Defined at:
		line 24 in file "network_proxy.c"
 Parameters:    Size  Location     Type
		None
 Auto vars:     Size  Location     Type
  packet        125    0[BANK1 ] struct XBeePacket
  payload       101  125[BANK1 ] struct Payload
 Return value:  Size  Location     Type
		None               void
 Registers used:
		wreg, fsr1l, fsr1h, fsr2l, fsr2h, status,2, status,0, tblptrl, tblptrh, tblptru, prodl, prodh, cstack
 Tracked objects:
		On entry : 
		On exit  : 
		Unchanged: 
 Data sizes:     COMRAM   BANK0   BANK1   BANK2   BANK3   BANK4   BANK5   BANK6   BANK7   BANK8   BANK9  BANK10  BANK11  BANK12  BANK13  BANK14
      Params:         0       0       0       0       0       0       0       0       0       0       0       0       0       0       0       0
      Locals:         0       0     226       0       0       0       0       0       0       0       0       0       0       0       0       0
[...]
      Temps:          2       0       0       0       0       0       0       0       0       0       0       0       0       0       0       0
      Totals:         6       0       0       0       0       0       0       0       0       0       0       0       0       0       0       0
Total ram usage:        6 bytes
 Hardware stack levels used:    1
 Hardware stack levels required when called:    1
 This function calls:
		_XBeeSerialSend
 This function is called by:
		_XBeeReset
		_XBeeCommissioning
		_XBeeSetSleepMode
		_SendMeasures
 This function uses a non-reentrant model


 *************** function _XBeeSerialSend *****************
 Defined at:
		line 35 in file "xbee/digi_serial.c"
 Parameters:    Size  Location     Type
  value           1    wreg     unsigned char 
 Auto vars:     Size  Location     Type
  value           1    0[COMRAM] unsigned char 
 Return value:  Size  Location     Type
		None               void
 Registers used:
		wreg
 Tracked objects:
		On entry : 
		On exit  : 
		Unchanged: 
 Data sizes:     COMRAM   BANK0   BANK1   BANK2   BANK3   BANK4   BANK5   BANK6   BANK7   BANK8   BANK9  BANK10  BANK11  BANK12  BANK13  BANK14
      Params:         0       0       0       0       0       0       0       0       0       0       0       0       0       0       0       0
      Locals:         1       0       0       0       0       0       0       0       0       0       0       0       0       0       0       0
      Temps:          0       0       0       0       0       0       0       0       0       0       0       0       0       0       0       0
      Totals:         1       0       0       0       0       0       0       0       0       0       0       0       0       0       0       0
Total ram usage:        1 bytes
 Hardware stack levels used:    1
 This function calls:
		Nothing
 This function is called by:
		_XBeeSendPacket
		_XBeeSerialSendArray
 This function uses a non-reentrant model


 *************** function _XBeeCreatePacket *****************
 Defined at:
		line 21 in file "xbee/digi_api.c"
 Parameters:    Size  Location     Type
  packet          2    8[COMRAM] const PTR struct XBeePac
		 -> SendMeasures@packet(125), joinPacket(125), 
 Auto vars:     Size  Location     Type
		None
 Return value:  Size  Location     Type
		None               void
 Registers used:
		wreg, fsr2l, fsr2h, status,2, status,0, cstack
 Tracked objects:
		On entry : 
		On exit  : 
		Unchanged: 
 Data sizes:     COMRAM   BANK0   BANK1   BANK2   BANK3   BANK4   BANK5   BANK6   BANK7   BANK8   BANK9  BANK10  BANK11  BANK12  BANK13  BANK14
      Params:         2       0       0       0       0       0       0       0       0       0       0       0       0       0       0       0
      Locals:         0       0       0       0       0       0       0       0       0       0       0       0       0       0       0       0
      Temps:          0       0       0       0       0       0       0       0       0       0       0       0       0       0       0       0
      Totals:         2       0       0       0       0       0       0       0       0       0       0       0       0       0       0       0
Total ram usage:        2 bytes
 Hardware stack levels used:    1
 Hardware stack levels required when called:    1
 This function calls:
		_memset
 This function is called by:
		_XBeeReset
		_XBeeCommissioning
		_XBeeSetSleepMode
		_SendMeasures
 This function uses a non-reentrant model


 *************** function _memset *****************
 Defined at:
		line 8 in file "C:\Program Files (x86)\Microchip\xc8\v1.34\sources\common\memset.c"
 Parameters:    Size  Location     Type
  p1              2    0[COMRAM] PTR void 
		 -> joinPacket.frame(116), packet.frame(116), SendMeasures@packet(125), joinPacket(125), 
  c               2    2[COMRAM] int 
  n               2    4[COMRAM] unsigned int 
 Auto vars:     Size  Location     Type
  p               2    6[COMRAM] PTR unsigned char 
		 -> joinPacket.frame(116), packet.frame(116), SendMeasures@packet(125), joinPacket(125), 
 Return value:  Size  Location     Type
                  2    0[COMRAM] PTR void 
 Registers used:
		wreg, fsr2l, fsr2h, status,2, status,0
 Tracked objects:
		On entry : 
		On exit  : 
		Unchanged: 
 Data sizes:     COMRAM   BANK0   BANK1   BANK2   BANK3   BANK4   BANK5   BANK6   BANK7   BANK8   BANK9  BANK10  BANK11  BANK12  BANK13  BANK14
      Params:         6       0       0       0       0       0       0       0       0       0       0       0       0       0       0       0
      Locals:         2       0       0       0       0       0       0       0       0       0       0       0       0       0       0       0
      Temps:          0       0       0       0       0       0       0       0       0       0       0       0       0       0       0       0
      Totals:         8       0       0       0       0       0       0       0       0       0       0       0       0       0       0       0
Total ram usage:        8 bytes
 Hardware stack levels used:    1
 This function calls:
		Nothing
 This function is called by:
		_XBeeCreatePacket
 This function uses a non-reentrant model


 *************** function _XBeeCreateCompleteATCommandPacket *****************
 Defined at:
		line 20 in file "xbee/digi_at_request.c"
 Parameters:    Size  Location     Type
  packet          2    0[COMRAM] PTR struct XBeePacket
		 -> joinPacket(125), 
  frameId         1    2[COMRAM] unsigned char 
  command         2    3[COMRAM] PTR unsigned char 
		 -> XBeeSetSleepMode@command(3), XBeeCommissioning@command(3), 
  params          2    5[COMRAM] PTR unsigned char 
		 -> XBeeSetSleepMode@params(2), XBeeCommissioning@params(2), 
  paramsLength    1    7[COMRAM] unsigned char 
 Auto vars:     Size  Location     Type
  p               2   11[COMRAM] PTR unsigned char 
		 -> joinPacket.frame.value(97), joinPacket.frame.command(2), XBeeCreateCompleteATCommandPacket@packet.frame(116), 
  i               1   10[COMRAM] unsigned char 
 Return value:  Size  Location     Type
		None               void
 Registers used:
		wreg, fsr1l, fsr1h, fsr2l, fsr2h, status,2, status,0
 Tracked objects:
		On entry : 
		On exit  : 
		Unchanged: 
 Data sizes:     COMRAM   BANK0   BANK1   BANK2   BANK3   BANK4   BANK5   BANK6   BANK7   BANK8   BANK9  BANK10  BANK11  BANK12  BANK13  BANK14
      Params:         8       0       0       0       0       0       0       0       0       0       0       0       0       0       0       0
      Locals:         3       0       0       0       0       0       0       0       0       0       0       0       0       0       0       0
      Temps:          2       0       0       0       0       0       0       0       0       0       0       0       0       0       0       0
      Totals:        13       0       0       0       0       0       0       0       0       0       0       0       0       0       0       0
Total ram usage:       13 bytes
 Hardware stack levels used:    1
 This function calls:
		Nothing
 This function is called by:
		_XBeeCommissioning
		_XBeeSetSleepMode
 This function uses a non-reentrant model


 *************** function _Delay10KTCYx *****************
 Defined at:
		line 8 in file "C:\Program Files (x86)\Microchip\xc8\v1.34\sources\pic18\d10ktcyx.c"
 Parameters:    Size  Location     Type
  unit            1    wreg     unsigned char 
 Auto vars:     Size  Location     Type
  unit            1    1[COMRAM] unsigned char 
 Return value:  Size  Location     Type
		None               void
 Registers used:
		wreg
 Tracked objects:
		On entry : 
		On exit  : 
		Unchanged: 
 Data sizes:     COMRAM   BANK0   BANK1   BANK2   BANK3   BANK4   BANK5   BANK6   BANK7   BANK8   BANK9  BANK10  BANK11  BANK12  BANK13  BANK14
      Params:         0       0       0       0       0       0       0       0       0       0       0       0       0       0       0       0
      Locals:         1       0       0       0       0       0       0       0       0       0       0       0       0       0       0       0
      Temps:          1       0       0       0       0       0       0       0       0       0       0       0       0       0       0       0
      Totals:         2       0       0       0       0       0       0       0       0       0       0       0       0       0       0       0
Total ram usage:        2 bytes
 Hardware stack levels used:    1
 This function calls:
		Nothing
 This function is called by:
		_XBeeJoin
		_OnMclr
 This function uses a non-reentrant model


 *************** function _Delay100TCYx *****************
 Defined at:
		line 8 in file "C:\Program Files (x86)\Microchip\xc8\v1.34\sources\pic18\d100tcyx.c"
 Parameters:    Size  Location     Type
  unit            1    wreg     unsigned char 
 Auto vars:     Size  Location     Type
  unit            1    0[COMRAM] unsigned char 
 Return value:  Size  Location     Type
		None               void
 Registers used:
		wreg
 Tracked objects:
		On entry : 
		On exit  : 
		Unchanged: 
 Data sizes:     COMRAM   BANK0   BANK1   BANK2   BANK3   BANK4   BANK5   BANK6   BANK7   BANK8   BANK9  BANK10  BANK11  BANK12  BANK13  BANK14
      Params:         0       0       0       0       0       0       0       0       0       0       0       0       0       0       0       0
      Locals:         1       0       0       0       0       0       0       0       0       0       0       0       0       0       0       0
      Temps:          0       0       0       0       0       0       0       0       0       0       0       0       0       0       0       0
      Totals:         1       0       0       0       0       0       0       0       0       0       0       0       0       0       0       0
Total ram usage:        1 bytes
 Hardware stack levels used:    1
 This function calls:
		Nothing
 This function is called by:
		_OnDsWdtWakeUp
 This function uses a non-reentrant model


 *************** function _EnableDeepSleepInterrupt *****************
 Defined at:
		line 37 in file "interrupts.c"
 Parameters:    Size  Location     Type
		None
 Auto vars:     Size  Location     Type
		None
 Return value:  Size  Location     Type
                  2  298[None  ] int 
 Registers used:
		None
 Tracked objects:
		On entry : 
		On exit  : 
		Unchanged: 
 Data sizes:     COMRAM   BANK0   BANK1   BANK2   BANK3   BANK4   BANK5   BANK6   BANK7   BANK8   BANK9  BANK10  BANK11  BANK12  BANK13  BANK14
      Params:         0       0       0       0       0       0       0       0       0       0       0       0       0       0       0       0
      Locals:         0       0       0       0       0       0       0       0       0       0       0       0       0       0       0       0
      Temps:          0       0       0       0       0       0       0       0       0       0       0       0       0       0       0       0
      Totals:         0       0       0       0       0       0       0       0       0       0       0       0       0       0       0       0
Total ram usage:        0 bytes
 Hardware stack levels used:    1
 This function calls:
		Nothing
 This function is called by:
		_main
 This function uses a non-reentrant model


 *************** function _DisableInterrupts *****************
 Defined at:
		line 42 in file "interrupts.c"
 Parameters:    Size  Location     Type
		None
 Auto vars:     Size  Location     Type
		None
 Return value:  Size  Location     Type
		None               void
 Registers used:
		wreg, status,2
 Tracked objects:
		On entry : 
		On exit  : 
		Unchanged: 
 Data sizes:     COMRAM   BANK0   BANK1   BANK2   BANK3   BANK4   BANK5   BANK6   BANK7   BANK8   BANK9  BANK10  BANK11  BANK12  BANK13  BANK14
      Params:         0       0       0       0       0       0       0       0       0       0       0       0       0       0       0       0
      Locals:         0       0       0       0       0       0       0       0       0       0       0       0       0       0       0       0
      Temps:          0       0       0       0       0       0       0       0       0       0       0       0       0       0       0       0
      Totals:         0       0       0       0       0       0       0       0       0       0       0       0       0       0       0       0
Total ram usage:        0 bytes
 Hardware stack levels used:    1
 This function calls:
		Nothing
 This function is called by:
		_main
 This function uses a non-reentrant model


 *************** function _ClearInterrupts *****************
 Defined at:
		line 25 in file "interrupts.c"
 Parameters:    Size  Location     Type
		None
 Auto vars:     Size  Location     Type
		None
 Return value:  Size  Location     Type
		None               void
 Registers used:
		wreg, status,2
 Tracked objects:
		On entry : 
		On exit  : 
		Unchanged: 
 Data sizes:     COMRAM   BANK0   BANK1   BANK2   BANK3   BANK4   BANK5   BANK6   BANK7   BANK8   BANK9  BANK10  BANK11  BANK12  BANK13  BANK14
      Params:         0       0       0       0       0       0       0       0       0       0       0       0       0       0       0       0
      Locals:         0       0       0       0       0       0       0       0       0       0       0       0       0       0       0       0
      Temps:          0       0       0       0       0       0       0       0       0       0       0       0       0       0       0       0
      Totals:         0       0       0       0       0       0       0       0       0       0       0       0       0       0       0       0
Total ram usage:        0 bytes
 Hardware stack levels used:    1
 This function calls:
		Nothing
 This function is called by:
		_main
 This function uses a non-reentrant model


 *************** function _BspInit *****************
 Defined at:
		line 3 in file "bsp.c"
 Parameters:    Size  Location     Type
		None
 Auto vars:     Size  Location     Type
		None
 Return value:  Size  Location     Type
		None               void
 Registers used:
		None
 Tracked objects:
		On entry : 
		On exit  : 
		Unchanged: 
 Data sizes:     COMRAM   BANK0   BANK1   BANK2   BANK3   BANK4   BANK5   BANK6   BANK7   BANK8   BANK9  BANK10  BANK11  BANK12  BANK13  BANK14
      Params:         0       0       0       0       0       0       0       0       0       0       0       0       0       0       0       0
      Locals:         0       0       0       0       0       0       0       0       0       0       0       0       0       0       0       0
      Temps:          0       0       0       0       0       0       0       0       0       0       0       0       0       0       0       0
      Totals:         0       0       0       0       0       0       0       0       0       0       0       0       0       0       0       0
Total ram usage:        0 bytes
 Hardware stack levels used:    1
 This function calls:
		Nothing
 This function is called by:
		_main
 This function uses a non-reentrant model



MODULE INFORMATION

Module		Function		Class		Link	Load	Size
sht/sht.c
		_Sht11MeasurePa		CODE           	12A4	0000	175
		_Sht11Write    		CODE           	1650	0000	101
		_Sht11Start    		CODE           	190C	0000	55
		_Sht11Read     		CODE           	16B4	0000	99
		_Sht11Init     		CODE           	1AEA	0000	19
		_Sht11Measure  		CODE           	17B0	0000	73

sht/sht.c estimated size: 522

xbee/digi_api.c
		_XBeeCreatePack		CODE           	13D8	0000	135

xbee/digi_api.c estimated size: 135

C:\Program Files (x86)\Microchip\xc8\v1.34\sources\pic18\d10ktcyx.c
		_Delay10KTCYx  		CODE           	1ABC	0000	25

C:\Program Files (x86)\Microchip\xc8\v1.34\sources\pic18\d10ktcyx.c estimated size: 25

adc/averaged_adc.c
		_AdcConvert    		CODE           	14E0	0000	131
		_AdcCalibrate  		CODE           	1B80	0000	15
		_AdcInit       		CODE           	1A4C	0000	31
		_AdcReadValue  		CODE           	1B44	0000	17

adc/averaged_adc.c estimated size: 194

sensor_proxy.c
		_PowerUpSHT11  		CODE           	1BF4	0000	7
		_PowerUpCO2Sens		CODE           	1BFA	0000	7
		_MeasureSensors		CODE           	1A04	0000	39
		_PowerDownSHT11		CODE           	1C0C	0000	5
		_SensorProxyIni		CODE           	1B64	0000	15

sensor_proxy.c estimated size: 73

xbee/digi_at_request.c
		_XBeeCreateComp		CODE           	11EC	0000	185
		_XBeeCreateATCo		CODE           	15DE	0000	115

xbee/digi_at_request.c estimated size: 300

interrupts.c
		_DisableInterru		CODE           	1C06	0000	7
		_EnableDeepSlee		CODE           	1C00	0000	7
		_ClearInterrupt		CODE           	1A88	0000	27

interrupts.c estimated size: 41

xbee/payload.c
		_PayloadPutWord		CODE           	145E	0000	131
		_PayloadPutByte		CODE           	1768	0000	73
		_PayloadInit   		CODE           	1942	0000	51
		_PayloadPutStri		CODE           	1716	0000	83

xbee/payload.c estimated size: 338

xbee/digi_hw.c
		_XBeeInterruptI		CODE           	1BD6	0000	11
		_XBeeInit      		CODE           	1B9C	0000	13

xbee/digi_hw.c estimated size: 24

xbee/digi_join.c
		_XBeeSetSleepMo		CODE           	17F8	0000	73
		_XBeeCommission		CODE           	1840	0000	73
		_XBeeReset     		CODE           	1974	0000	51
		_XBeeJoin      		CODE           	1A6A	0000	31

xbee/digi_join.c estimated size: 228

opController.c
		_ClearMclrFlags		CODE           	1BC0	0000	13
		_OnDsWdtWakeUp 		CODE           	1B20	0000	19
		_ClearDSWakeUpF		CODE           	1BA8	0000	13
		_OnMclr        		CODE           	1B54	0000	17
		_OnPowerUp     		CODE           	1BEA	0000	11
		_OnWakeUp      		CODE           	1AFC	0000	19

opController.c estimated size: 92

C:\Program Files (x86)\Microchip\xc8\v1.34\sources\common\strlen.c
		_strlen        		CODE           	18CA	0000	67

C:\Program Files (x86)\Microchip\xc8\v1.34\sources\common\strlen.c estimated size: 67

xbee/digi_transmit_request.c
		_XBeeCreateTran		CODE           	102E	0000	255

xbee/digi_transmit_request.c estimated size: 255

shared
		_TRANSMIT_OPTIO		SMALLCONST     	0F04	0000	2
		_COORDINATOR_AD		SMALLCONST     	0F05	0000	9
		__initializatio		CODE           	1888	0000	57
		_CO2OFFSET     		SMALLCONST     	0F01	0000	3
		_SENSORS       		SMALLCONST     	0F0D	0000	3
		_BROADCAST_RADI		SMALLCONST     	0F03	0000	2

shared estimated size: 76

network_proxy.c
		_ClearNetworkIn		CODE           	1C10	0000	5
		_SendMeasures  		CODE           	0F10	0000	287

network_proxy.c estimated size: 292

C:\Program Files (x86)\Microchip\xc8\v1.34\sources\common\memset.c
		_memset        		CODE           	19D6	0000	47

C:\Program Files (x86)\Microchip\xc8\v1.34\sources\common\memset.c estimated size: 47

C:\Program Files (x86)\Microchip\xc8\v1.34\sources\pic18\d100tcyx.c
		_Delay100TCYx  		CODE           	1B32	0000	19

C:\Program Files (x86)\Microchip\xc8\v1.34\sources\pic18\d100tcyx.c estimated size: 19

co2-d1/co2-d1.c
		_Co2D1Init     		CODE           	1BE0	0000	11
		_Co2D1InitIO   		CODE           	1B72	0000	15
		_Co2D1Measure  		CODE           	1A2A	0000	35

co2-d1/co2-d1.c estimated size: 61

C:\Program Files (x86)\Microchip\xc8\v1.34\sources\pic18\d10tcyx.c
		_Delay10TCYx   		CODE           	1B0E	0000	19

C:\Program Files (x86)\Microchip\xc8\v1.34\sources\pic18\d10tcyx.c estimated size: 19

C:\Program Files (x86)\Microchip\xc8\v1.34\sources\common\doprnt.c
		_sprintf       		CODE           	1562	0000	125

C:\Program Files (x86)\Microchip\xc8\v1.34\sources\common\doprnt.c estimated size: 125

bsp.c
		_BspInit       		CODE           	1AA2	0000	27
		_UnUsedPeripher		CODE           	1BB4	0000	13

bsp.c estimated size: 40

xbee/digi_serial.c
		_XBeeSerialSend		CODE           	1B8E	0000	15
		_XBeeSerialInit		CODE           	1AD4	0000	23

xbee/digi_serial.c estimated size: 38

main.c
		_main          		CODE           	1352	0000	135

main.c estimated size: 135

power.c
		_PowerDeepSleep		CODE           	19A6	0000	49

power.c estimated size: 49

xbee/digi_send.c
		_XBeeSendPacket		CODE           	112C	0000	193

xbee/digi_send.c estimated size: 193

