Microchip MPLAB XC8 Compiler V1.34 ()

Linker command line:

--edf=C:\Program Files (x86)\Microchip\xc8\v1.34\dat\en_msgs.txt -cs \
  -h+dist/default/production\umote-irca-astable.production.sym \
  --cmf=dist/default/production\umote-irca-astable.production.cmf -z \
  -Q18F26J50 -oC:\Users\Diego\AppData\Local\Temp\s5gg.6 \
  -Mdist/default/production/umote-irca-astable.production.map -E1 -ver=XC8 \
  -ASTACK=01E2h-0ebfh -pstack=STACK -ACODE=00h-0FFF7h -ACONST=00h-0FFF7h \
  -ASMALLCONST=0F00h-0FFFhx240,0FF00h-0FFF7h -AMEDIUMCONST=0F00h-0FFF7h \
  -ACOMRAM=01h-05Fh -AABS1=00h-0EBFh -ABIGRAM=01h-0EBFh \
  -ARAM=060h-0FFh,0100h-01FFhx13,0E00h-0EBFh -ABANK0=060h-0FFh \
  -ABANK1=0100h-01FFh -ABANK2=0200h-02FFh -ABANK3=0300h-03FFh \
  -ABANK4=0400h-04FFh -ABANK5=0500h-05FFh -ABANK6=0600h-06FFh \
  -ABANK7=0700h-07FFh -ABANK8=0800h-08FFh -ABANK9=0900h-09FFh \
  -ABANK10=0A00h-0AFFh -ABANK11=0B00h-0BFFh -ABANK12=0C00h-0CFFh \
  -ABANK13=0D00h-0DFFh -ABANK14=0E00h-0EBFh \
  -ASFR=0EC0h-0EFFh,0F00h-0F5Fh,0F60h-0FFFh \
  -preset_vec=00h,intcode,intcodelo,powerup,init,end_init -pramtop=0F00h \
  -psmallconst=SMALLCONST -pmediumconst=MEDIUMCONST -pconst=CONST \
  -AFARRAM=00h-00h -ACONFIG=0FFF8h-0FFFFh -pconfig=CONFIG \
  -pjflash_buffer=0F800h \
  -prdata=COMRAM,nvrram=COMRAM,nvbit=COMRAM,rbss=COMRAM,rbit=COMRAM \
  -pfarbss=FARRAM,fardata=FARRAM,nvFARRAM=FARRAM \
  -pintsave_regs=BIGRAM,bigbss=BIGRAM,bigdata=BIGRAM -pbss=RAM \
  -pidata=CODE,irdata=CODE,ibigdata=CODE,ifardata=CODE -prparam=COMRAM \
  C:\Users\Diego\AppData\Local\Temp\s5gg.obj \
  dist/default/production\umote-irca-astable.production.obj 

Object code version is 3.11

Machine type is 18F26J50

Call graph: (short form)




                Name                               Link     Load   Length Selector   Space Scale
C:\Users\Diego\AppData\Local\Temp\s5gg.obj
                end_init                              0        0        4        0       0
                config                             FFF8     FFF8        8     FFF8       0
dist/default/production\umote-irca-astable.production.obj
                smallconst                          F00      F00       10      780       0
                text56                             1A98     1A98       1A      788       0
                text55                             1A7E     1A7E       1A      788       0
                text54                             1C08     1C08        6      788       0
                text53                             1C02     1C02        6      788       0
                text52                             1B40     1B40       12      788       0
                text51                             1ACA     1ACA       18      788       0
                text50                             11CC     11CC       B8      788       0
                text49                             19EE     19EE       2E      788       0
                text48                             13B8     13B8       86      788       0
                text47                             1B80     1B80        E      788       0
                text46                             110C     110C       C0      788       0
                text45                             1820     1820       48      788       0
                text44                             15BE     15BE       72      788       0
                text43                             198C     198C       32      788       0
                text42                             17D8     17D8       48      788       0
                text41                             1A60     1A60       1E      788       0
                text40                             1B2E     1B2E       12      788       0
                text39                             1BB2     1BB2        C      788       0
                text38                             1B62     1B62       10      788       0
                text37                             1BA6     1BA6        C      788       0
                text36                             1BE6     1BE6        A      788       0
                text35                             1B9A     1B9A        C      788       0
                text34                             1C12     1C12        4      788       0
                text33                             1B72     1B72        E      788       0
                text32                             1B52     1B52       10      788       0
                text31                             14C0     14C0       82      788       0
                text30                             1BFC     1BFC        6      788       0
                text29                             18EC     18EC       38      788       0
                text28                             1C0E     1C0E        4      788       0
                text27                             1BF6     1BF6        6      788       0
                text26                             1BF0     1BF0        6      788       0
                text25                             1B1C     1B1C       12      788       0
                text24                             1694     1694       62      788       0
                text23                             1924     1924       36      788       0
                text22                             1630     1630       64      788       0
                text21                             1284     1284       AE      788       0
                text20                             1790     1790       48      788       0
                text19                             1A1C     1A1C       26      788       0
                text18                             195A     195A       32      788       0
                text17                             1748     1748       48      788       0
                text16                             1542     1542       7C      788       0
                text15                             18AA     18AA       42      788       0
                text14                             16F6     16F6       52      788       0
                text13                             143E     143E       82      788       0
                text12                             100E     100E       FE      788       0
                text11                              F10      F10       FE      788       0
                text10                             1B0A     1B0A       12      788       0
                text9                              19BE     19BE       30      788       0
                text8                              1A42     1A42       1E      788       0
                text7                              1AB2     1AB2       18      788       0
                text6                              1BDC     1BDC        A      788       0
                text5                              1AF8     1AF8       12      788       0
                text4                              1BD2     1BD2        A      788       0
                text3                              1BC8     1BC8        A      788       0
                text2                              1AE2     1AE2       16      788       0
                text1                              1B8E     1B8E        C      788       0
                text0                              1332     1332       86      788       0
                cstackCOMRAM                          1        1       10        1       1
                cstackBANK1                         100      100       E2      100       1
                bssBANK0                             60       60       7D       60       1
                dataCOMRAM                           1E       1E        A        1       1
                bssCOMRAM                            11       11        D        1       1
                cinit                              1868     1868       42      788       0
                idataCOMRAM                        1BBE     1BBE        A      788       0

TOTAL           Name                               Link     Load   Length     Space
        CLASS   STACK          

        CLASS   CODE           
                end_init                              0        0        4         0
                text56                             1A98     1A98       1A         0
                text55                             1A7E     1A7E       1A         0
                text54                             1C08     1C08        6         0
                text53                             1C02     1C02        6         0
                text52                             1B40     1B40       12         0
                text51                             1ACA     1ACA       18         0
                text50                             11CC     11CC       B8         0
                text49                             19EE     19EE       2E         0
                text48                             13B8     13B8       86         0
                text47                             1B80     1B80        E         0
                text46                             110C     110C       C0         0
                text45                             1820     1820       48         0
                text44                             15BE     15BE       72         0
                text43                             198C     198C       32         0
                text42                             17D8     17D8       48         0
                text41                             1A60     1A60       1E         0
                text40                             1B2E     1B2E       12         0
                text39                             1BB2     1BB2        C         0
                text38                             1B62     1B62       10         0
                text37                             1BA6     1BA6        C         0
                text36                             1BE6     1BE6        A         0
                text35                             1B9A     1B9A        C         0
                text34                             1C12     1C12        4         0
                text33                             1B72     1B72        E         0
                text32                             1B52     1B52       10         0
                text31                             14C0     14C0       82         0
                text30                             1BFC     1BFC        6         0
                text29                             18EC     18EC       38         0
                text28                             1C0E     1C0E        4         0
                text27                             1BF6     1BF6        6         0
                text26                             1BF0     1BF0        6         0
                text25                             1B1C     1B1C       12         0
                text24                             1694     1694       62         0
                text23                             1924     1924       36         0
                text22                             1630     1630       64         0
                text21                             1284     1284       AE         0
                text20                             1790     1790       48         0
                text19                             1A1C     1A1C       26         0
                text18                             195A     195A       32         0
                text17                             1748     1748       48         0
                text16                             1542     1542       7C         0
                text15                             18AA     18AA       42         0
                text14                             16F6     16F6       52         0
                text13                             143E     143E       82         0
                text12                             100E     100E       FE         0
                text11                              F10      F10       FE         0
                text10                             1B0A     1B0A       12         0
                text9                              19BE     19BE       30         0
                text8                              1A42     1A42       1E         0
                text7                              1AB2     1AB2       18         0
                text6                              1BDC     1BDC        A         0
                text5                              1AF8     1AF8       12         0
                text4                              1BD2     1BD2        A         0
                text3                              1BC8     1BC8        A         0
                text2                              1AE2     1AE2       16         0
                text1                              1B8E     1B8E        C         0
                text0                              1332     1332       86         0
                cinit                              1868     1868       42         0
                idataCOMRAM                        1BBE     1BBE        A         0

        CLASS   CONST          

        CLASS   SMALLCONST     
                smallconst                          F00      F00       10         0

        CLASS   MEDIUMCONST    

        CLASS   COMRAM         
                cstackCOMRAM                          1        1       10         1
                dataCOMRAM                           1E       1E        A         1
                bssCOMRAM                            11       11        D         1

        CLASS   ABS1           

        CLASS   BIGRAM         

        CLASS   RAM            

        CLASS   BANK0          
                bssBANK0                             60       60       7D         1

        CLASS   BANK1          
                cstackBANK1                         100      100       E2         1

        CLASS   BANK2          

        CLASS   BANK3          

        CLASS   BANK4          

        CLASS   BANK5          

        CLASS   BANK6          

        CLASS   BANK7          

        CLASS   BANK8          

        CLASS   BANK9          

        CLASS   BANK10         

        CLASS   BANK11         

        CLASS   BANK12         

        CLASS   BANK13         

        CLASS   BANK14         

        CLASS   SFR            

        CLASS   FARRAM         

        CLASS   CONFIG         
                config                             FFF8     FFF8        8         0

        CLASS   IDLOC          



SEGMENTS        Name                           Load    Length   Top    Selector   Space  Class

                reset_vec                      000000  000004  000004         0       0  CODE    
                cstackCOMRAM                   000001  000027  000028         1       1  COMRAM  
                bssBANK0                       000060  00007D  0000DD        60       1  BANK0   
                cstackBANK1                    000100  0000E2  0001E2       100       1  BANK1   
                smallconst                     000F00  000010  000F10       780       0  SMALLCON
                text11                         000F10  000D06  001C16       788       0  CODE    
                config                         00FFF8  000008  010000      FFF8       0  CONFIG  


UNUSED ADDRESS RANGES

        Name                Unused          Largest block    Delta
        BANK0            000DD-000FF              23
        BANK1            001E2-001FF              1E
        BANK10           00A00-00AFF             100
        BANK11           00B00-00BFF             100
        BANK12           00C00-00CFF             100
        BANK13           00D00-00DFF             100
        BANK14           00E00-00EBF              C0
        BANK2            00200-002FF             100
        BANK3            00300-003FF             100
        BANK4            00400-004FF             100
        BANK5            00500-005FF             100
        BANK6            00600-006FF             100
        BANK7            00700-007FF             100
        BANK8            00800-008FF             100
        BANK9            00900-009FF             100
        BIGRAM           00028-0005F              38
                         000DD-000FF              23
                         001E2-00EBF             CDE
        CODE             00004-00EFF             EFC
                         01C16-0FFF7            E3E2
        COMRAM           00028-0005F              38
        CONST            00004-00EFF             EFC
                         01C16-0FFF7            E3E2
        MEDIUMCONST      01C16-0FFF7            E3E2
        RAM              000DD-000FF              23
                         001E2-00EBF             100
        SFR              00EC0-00FFF              60
        SMALLCONST       01C16-0FFF7             100
        STACK            001E2-00EBF             CDE

                                  Symbol Table

?_AdcReadValue                                     cstackCOMRAM  00001
?_sprintf                                          cstackCOMRAM  00001
?_strlen                                           cstackCOMRAM  00001
AdcConvert@channel                                 cstackCOMRAM  00008
AdcConvert@i                                       cstackCOMRAM  0000D
AdcConvert@result                                  cstackCOMRAM  00003
AdcConvert@tmp                                     cstackCOMRAM  00009
Delay100TCYx@unit                                  cstackCOMRAM  00001
Delay10KTCYx@unit                                  cstackCOMRAM  00002
Delay10TCYx@unit                                   cstackCOMRAM  00001
IrcaMeasure@data                                   cstackCOMRAM  0000E
PayloadInit@i                                      cstackCOMRAM  00003
PayloadInit@payload                                cstackCOMRAM  00001
PayloadPutByte@element                             cstackCOMRAM  00003
PayloadPutByte@payload                             cstackCOMRAM  00001
PayloadPutString@buffer                            cstackCOMRAM  0000E
PayloadPutString@payload                           cstackCOMRAM  00009
PayloadPutString@string                            cstackCOMRAM  0000B
PayloadPutWord@element                             cstackCOMRAM  00003
PayloadPutWord@lsb                                 cstackCOMRAM  00006
PayloadPutWord@msb                                 cstackCOMRAM  00007
PayloadPutWord@payload                             cstackCOMRAM  00001
SendMeasures@packet                                cstackBANK1   00100
SendMeasures@payload                               cstackBANK1   0017D
Sht11Measure@data                                  cstackCOMRAM  0000D
Sht11Measure@error                                 cstackCOMRAM  0000F
Sht11MeasureParam@error                            cstackCOMRAM  0000C
Sht11MeasureParam@mode                             cstackCOMRAM  00009
Sht11MeasureParam@p_checksum                       cstackCOMRAM  00007
Sht11MeasureParam@p_value                          cstackCOMRAM  00005
Sht11Read@ack                                      cstackCOMRAM  00002
Sht11Read@i                                        cstackCOMRAM  00004
Sht11Read@val                                      cstackCOMRAM  00003
Sht11Write@error                                   cstackCOMRAM  00003
Sht11Write@i                                       cstackCOMRAM  00004
Sht11Write@value                                   cstackCOMRAM  00002
XBeeCommissioning@command                          dataCOMRAM    0001F
XBeeCommissioning@params                           cstackCOMRAM  0000F
XBeeCommissioning@timesButtonPress                 cstackCOMRAM  0000E
XBeeCreateATCommandPacket@command                  cstackCOMRAM  00004
XBeeCreateATCommandPacket@frameId                  cstackCOMRAM  00003
XBeeCreateATCommandPacket@p                        cstackCOMRAM  00006
XBeeCreateATCommandPacket@packet                   cstackCOMRAM  00001
XBeeCreateCompleteATCommandPacket@command          cstackCOMRAM  00004
XBeeCreateCompleteATCommandPacket@frameId          cstackCOMRAM  00003
XBeeCreateCompleteATCommandPacket@i                cstackCOMRAM  0000B
XBeeCreateCompleteATCommandPacket@p                cstackCOMRAM  0000C
XBeeCreateCompleteATCommandPacket@packet           cstackCOMRAM  00001
XBeeCreateCompleteATCommandPacket@params           cstackCOMRAM  00006
XBeeCreateCompleteATCommandPacket@paramsLength     cstackCOMRAM  00008
XBeeCreatePacket@packet                            cstackCOMRAM  00009
XBeeCreateTransmitRequestPacket@dataLength         cstackCOMRAM  0000A
XBeeCreateTransmitRequestPacket@destinationAddress cstackCOMRAM  00004
XBeeCreateTransmitRequestPacket@frameId            cstackCOMRAM  00003
XBeeCreateTransmitRequestPacket@i                  cstackCOMRAM  0000D
XBeeCreateTransmitRequestPacket@options            cstackCOMRAM  00007
XBeeCreateTransmitRequestPacket@p                  cstackCOMRAM  0000E
XBeeCreateTransmitRequestPacket@packet             cstackCOMRAM  00001
XBeeCreateTransmitRequestPacket@payload            cstackCOMRAM  00008
XBeeCreateTransmitRequestPacket@radius             cstackCOMRAM  00006
XBeeReset@command                                  dataCOMRAM    00022
XBeeSendPacket@p                                   cstackCOMRAM  00006
XBeeSendPacket@packet                              cstackCOMRAM  00002
XBeeSerialInit@baudrate                            cstackCOMRAM  00001
XBeeSerialSend@value                               cstackCOMRAM  00001
XBeeSetSleepMode@command                           dataCOMRAM    00025
XBeeSetSleepMode@mode                              cstackCOMRAM  0000E
XBeeSetSleepMode@params                            cstackCOMRAM  0000F
_ADCON0bits                                        (abs)         00FC2
_ADCON1bits                                        (abs)         00FC1
_ADRES                                             (abs)         00FC3
_ANCON0                                            (abs)         00F48
_ANCON0bits                                        (abs)         00F48
_ANCON1                                            (abs)         00F49
_ANCON1bits                                        (abs)         00F49
_AdcCalibrate                                      text33        01B72
_AdcConvert                                        text31        014C0
_AdcInit                                           text8         01A42
_AdcReadValue                                      text32        01B52
_BAUDCON1bits                                      (abs)         00F7E
_BROADCAST_RADIUS                                  smallconst    00F03
_BspInit                                           text56        01A98
_CO2OFFSET                                         smallconst    00F01
_COORDINATOR_ADDRESS                               smallconst    00F05
_ClearDSWakeUpFlags                                text35        01B9A
_ClearInterrupts                                   text55        01A7E
_ClearMclrFlags                                    text39        01BB2
_ClearNetworkInterrupt                             text34        01C12
_DSCONHbits                                        (abs)         00F4D
_DSCONLbits                                        (abs)         00F4C
_DSWAKEH                                           (abs)         00F4B
_DSWAKEHbits                                       (abs)         00F4B
_DSWAKEL                                           (abs)         00F4A
_DSWAKELbits                                       (abs)         00F4A
_Delay100TCYx                                      text52        01B40
_Delay10KTCYx                                      text51        01ACA
_Delay10TCYx                                       text25        01B1C
_DisableInterrupts                                 text54        01C08
_EUSART_9600                                       dataCOMRAM    0001E
_EnableDeepSleepInterrupt                          text53        01C02
_INTCON                                            (abs)         00FF2
_INTCON2bits                                       (abs)         00FF1
_INTCONbits                                        (abs)         00FF2
_IPR1                                              (abs)         00F9F
_IPR2                                              (abs)         00FA2
_IPR3                                              (abs)         00FA5
_Irca1InitIO                                       text7         01AB2
_IrcaInit                                          text6         01BDC
_IrcaMeasure                                       text29        018EC
_LATAbits                                          (abs)         00F89
_LATCbits                                          (abs)         00F8B
_MeasureSensors                                    text19        01A1C
_OSCCONbits                                        (abs)         00FD3
_OSCTUNEbits                                       (abs)         00F9B
_OnDsWdtWakeUp                                     text40        01B2E
_OnMclr                                            text38        01B62
_OnPowerUp                                         text36        01BE6
_OnWakeUp                                          text10        01B0A
_PIE1                                              (abs)         00F9D
_PIR1                                              (abs)         00F9E
_PIR1bits                                          (abs)         00F9E
_PIR2                                              (abs)         00FA1
_PIR3                                              (abs)         00FA4
_PORTAbits                                         (abs)         00F80
_PORTBbits                                         (abs)         00F81
_PayloadInit                                       text18        0195A
_PayloadPutByte                                    text17        01748
_PayloadPutString                                  text14        016F6
_PayloadPutWord                                    text13        0143E
_PowerDeepSleep                                    text9         019BE
_PowerDownSHT11                                    text28        01C0E
_PowerUpCO2Sensor                                  text27        01BF6
_PowerUpSHT11                                      text26        01BF0
_RCONbits                                          (abs)         00FD0
_RCREG1                                            (abs)         00FAF
_RCSTA1                                            (abs)         00FAC
_RCSTA1bits                                        (abs)         00FAC
_RTCCFGbits                                        (abs)         00F3F
_SENSORS                                           smallconst    00F0D
_SPBRG1                                            (abs)         00FB0
_SampleAndHoldReset                                text30        01BFC
_SendMeasures                                      text11        00F10
_SensorProxyInit                                   text4         01BD2
_Sht11Init                                         text5         01AF8
_Sht11Measure                                      text20        01790
_Sht11MeasureParam                                 text21        01284
_Sht11Read                                         text24        01694
_Sht11Start                                        text23        01924
_Sht11Write                                        text22        01630
_T1CONbits                                         (abs)         00FCD
_TRANSMIT_OPTIONS                                  smallconst    00F04
_TRISAbits                                         (abs)         00F92
_TRISBbits                                         (abs)         00F93
_TRISCbits                                         (abs)         00F94
_TXREG1                                            (abs)         00FAE
_TXSTA1bits                                        (abs)         00FAD
_UCONbits                                          (abs)         00F65
_UnUsedPeriphericalDisable                         text37        01BA6
_WDTCONbits                                        (abs)         00FC0
_XBeeCommissioning                                 text45        01820
_XBeeCreateATCommandPacket                         text44        015BE
_XBeeCreateCompleteATCommandPacket                 text50        011CC
_XBeeCreatePacket                                  text48        013B8
_XBeeCreateTransmitRequestPacket                   text12        0100E
_XBeeInit                                          text1         01B8E
_XBeeInterruptInit                                 text3         01BC8
_XBeeJoin                                          text41        01A60
_XBeeReset                                         text43        0198C
_XBeeSendPacket                                    text46        0110C
_XBeeSerialInit                                    text2         01AE2
_XBeeSerialSend                                    text47        01B80
_XBeeSetSleepMode                                  text42        017D8
__CFG_CP0$OFF                                      (abs)         00000
__CFG_CPUDIV$OSC1                                  (abs)         00000
__CFG_DSBOREN$OFF                                  (abs)         00000
__CFG_DSWDTEN$OFF                                  (abs)         00000
__CFG_DSWDTOSC$INTOSCREF                           (abs)         00000
__CFG_DSWDTPS$M2                                   (abs)         00000
__CFG_FCMEN$OFF                                    (abs)         00000
__CFG_IESO$OFF                                     (abs)         00000
__CFG_IOL1WAY$OFF                                  (abs)         00000
__CFG_MSSP7B_EN$MSK7                               (abs)         00000
__CFG_OSC$INTOSC                                   (abs)         00000
__CFG_RTCOSC$INTOSCREF                             (abs)         00000
__CFG_STVREN$ON                                    (abs)         00000
__CFG_WDTEN$OFF                                    (abs)         00000
__CFG_WDTPS$1024                                   (abs)         00000
__CFG_WPCFG$OFF                                    (abs)         00000
__CFG_WPDIS$OFF                                    (abs)         00000
__CFG_WPEND$PAGE_0                                 (abs)         00000
__CFG_WPFP$PAGE_1                                  (abs)         00000
__CFG_XINST$OFF                                    (abs)         00000
__HRAM                                             (abs)         00000
__Habs1                                            abs1          00000
__Hbank0                                           bank0         00000
__Hbank1                                           bank1         00000
__Hbank10                                          bank10        00000
__Hbank11                                          bank11        00000
__Hbank12                                          bank12        00000
__Hbank13                                          bank13        00000
__Hbank14                                          bank14        00000
__Hbank2                                           bank2         00000
__Hbank3                                           bank3         00000
__Hbank4                                           bank4         00000
__Hbank5                                           bank5         00000
__Hbank6                                           bank6         00000
__Hbank7                                           bank7         00000
__Hbank8                                           bank8         00000
__Hbank9                                           bank9         00000
__Hbigbss                                          bigbss        00000
__Hbigdata                                         bigdata       00000
__Hbigram                                          bigram        00000
__Hbss                                             bss           00000
__HbssBANK0                                        bssBANK0      00000
__HbssCOMRAM                                       bssCOMRAM     00000
__Hcinit                                           cinit         00000
__Hclrtext                                         clrtext       00000
__Hcomram                                          comram        00000
__Hconfig                                          config        10000
__Hconst                                           const         00000
__HcstackBANK1                                     cstackBANK1   00000
__HcstackCOMRAM                                    cstackCOMRAM  00000
__Hdata                                            data          00000
__HdataCOMRAM                                      dataCOMRAM    00000
__Hend_init                                        end_init      00004
__Hfarbss                                          farbss        00000
__Hfardata                                         fardata       00000
__Hibigdata                                        ibigdata      00000
__Hidata                                           idata         00000
__HidataCOMRAM                                     idataCOMRAM   00000
__Hidloc                                           idloc         00000
__Hifardata                                        ifardata      00000
__Hinit                                            init          00000
__Hintcode                                         intcode       00000
__Hintcode_body                                    intcode_body  00000
__Hintcodelo                                       intcodelo     00000
__Hintentry                                        intentry      00000
__Hintret                                          intret        00000
__Hintsave_regs                                    intsave_regs  00000
__Hirdata                                          irdata        00000
__Hjflash_buffer                                   jflash_buffer 0F800
__Hmediumconst                                     mediumconst   00000
__HnvFARRAM                                        nvFARRAM      00000
__Hnvbit                                           nvbit         00000
__Hnvrram                                          nvrram        00000
__Hparam                                           rparam        00000
__Hpowerup                                         powerup       00000
__Hram                                             ram           00000
__Hramtop                                          ramtop        00F00
__Hrbit                                            rbit          00000
__Hrbss                                            rbss          00000
__Hrdata                                           rdata         00000
__Hreset_vec                                       reset_vec     00000
__Hrparam                                          rparam        00000
__Hsfr                                             sfr           00000
__Hsmallconst                                      smallconst    00F10
__Hspace_0                                         (abs)         10000
__Hspace_1                                         (abs)         001E2
__Hspace_2                                         (abs)         00000
__Hstack                                           stack         00000
__Hstruct                                          struct        00000
__Htemp                                            temp          00000
__Htext                                            text          00000
__Htext0                                           text0         00000
__Htext1                                           text1         00000
__Htext10                                          text10        00000
__Htext11                                          text11        00000
__Htext12                                          text12        00000
__Htext13                                          text13        00000
__Htext14                                          text14        00000
__Htext15                                          text15        00000
__Htext16                                          text16        00000
__Htext17                                          text17        00000
__Htext18                                          text18        00000
__Htext19                                          text19        00000
__Htext2                                           text2         00000
__Htext20                                          text20        00000
__Htext21                                          text21        00000
__Htext22                                          text22        00000
__Htext23                                          text23        00000
__Htext24                                          text24        00000
__Htext25                                          text25        00000
__Htext26                                          text26        00000
__Htext27                                          text27        00000
__Htext28                                          text28        00000
__Htext29                                          text29        00000
__Htext3                                           text3         00000
__Htext30                                          text30        00000
__Htext31                                          text31        00000
__Htext32                                          text32        00000
__Htext33                                          text33        00000
__Htext34                                          text34        00000
__Htext35                                          text35        00000
__Htext36                                          text36        00000
__Htext37                                          text37        00000
__Htext38                                          text38        00000
__Htext39                                          text39        00000
__Htext4                                           text4         00000
__Htext40                                          text40        00000
__Htext41                                          text41        00000
__Htext42                                          text42        00000
__Htext43                                          text43        00000
__Htext44                                          text44        00000
__Htext45                                          text45        00000
__Htext46                                          text46        00000
__Htext47                                          text47        00000
__Htext48                                          text48        00000
__Htext49                                          text49        00000
__Htext5                                           text5         00000
__Htext50                                          text50        00000
__Htext51                                          text51        00000
__Htext52                                          text52        00000
__Htext53                                          text53        00000
__Htext54                                          text54        00000
__Htext55                                          text55        00000
__Htext56                                          text56        00000
__Htext6                                           text6         00000
__Htext7                                           text7         00000
__Htext8                                           text8         00000
__Htext9                                           text9         00000
__LRAM                                             (abs)         00001
__Labs1                                            abs1          00000
__Lbank0                                           bank0         00000
__Lbank1                                           bank1         00000
__Lbank10                                          bank10        00000
__Lbank11                                          bank11        00000
__Lbank12                                          bank12        00000
__Lbank13                                          bank13        00000
__Lbank14                                          bank14        00000
__Lbank2                                           bank2         00000
__Lbank3                                           bank3         00000
__Lbank4                                           bank4         00000
__Lbank5                                           bank5         00000
__Lbank6                                           bank6         00000
__Lbank7                                           bank7         00000
__Lbank8                                           bank8         00000
__Lbank9                                           bank9         00000
__Lbigbss                                          bigbss        00000
__Lbigdata                                         bigdata       00000
__Lbigram                                          bigram        00000
__Lbss                                             bss           00000
__LbssBANK0                                        bssBANK0      00000
__LbssCOMRAM                                       bssCOMRAM     00000
__Lcinit                                           cinit         00000
__Lclrtext                                         clrtext       00000
__Lcomram                                          comram        00000
__Lconfig                                          config        0FFF8
__Lconst                                           const         00000
__LcstackBANK1                                     cstackBANK1   00000
__LcstackCOMRAM                                    cstackCOMRAM  00000
__Ldata                                            data          00000
__LdataCOMRAM                                      dataCOMRAM    00000
__Lend_init                                        end_init      00000
__Lfarbss                                          farbss        00000
__Lfardata                                         fardata       00000
__Libigdata                                        ibigdata      00000
__Lidata                                           idata         00000
__LidataCOMRAM                                     idataCOMRAM   00000
__Lidloc                                           idloc         00000
__Lifardata                                        ifardata      00000
__Linit                                            init          00000
__Lintcode                                         intcode       00000
__Lintcode_body                                    intcode_body  00000
__Lintcodelo                                       intcodelo     00000
__Lintentry                                        intentry      00000
__Lintret                                          intret        00000
__Lintsave_regs                                    intsave_regs  00000
__Lirdata                                          irdata        00000
__Ljflash_buffer                                   jflash_buffer 0F800
__Lmediumconst                                     mediumconst   00000
__LnvFARRAM                                        nvFARRAM      00000
__Lnvbit                                           nvbit         00000
__Lnvrram                                          nvrram        00000
__Lparam                                           rparam        00000
__Lpowerup                                         powerup       00000
__Lram                                             ram           00000
__Lramtop                                          ramtop        00F00
__Lrbit                                            rbit          00000
__Lrbss                                            rbss          00000
__Lrdata                                           rdata         00000
__Lreset_vec                                       reset_vec     00000
__Lrparam                                          rparam        00000
__Lsfr                                             sfr           00000
__Lsmallconst                                      smallconst    00F00
__Lspace_0                                         (abs)         00000
__Lspace_1                                         (abs)         00000
__Lspace_2                                         (abs)         00000
__Lstack                                           stack         00000
__Lstruct                                          struct        00000
__Ltemp                                            temp          00000
__Ltext                                            text          00000
__Ltext0                                           text0         00000
__Ltext1                                           text1         00000
__Ltext10                                          text10        00000
__Ltext11                                          text11        00000
__Ltext12                                          text12        00000
__Ltext13                                          text13        00000
__Ltext14                                          text14        00000
__Ltext15                                          text15        00000
__Ltext16                                          text16        00000
__Ltext17                                          text17        00000
__Ltext18                                          text18        00000
__Ltext19                                          text19        00000
__Ltext2                                           text2         00000
__Ltext20                                          text20        00000
__Ltext21                                          text21        00000
__Ltext22                                          text22        00000
__Ltext23                                          text23        00000
__Ltext24                                          text24        00000
__Ltext25                                          text25        00000
__Ltext26                                          text26        00000
__Ltext27                                          text27        00000
__Ltext28                                          text28        00000
__Ltext29                                          text29        00000
__Ltext3                                           text3         00000
__Ltext30                                          text30        00000
__Ltext31                                          text31        00000
__Ltext32                                          text32        00000
__Ltext33                                          text33        00000
__Ltext34                                          text34        00000
__Ltext35                                          text35        00000
__Ltext36                                          text36        00000
__Ltext37                                          text37        00000
__Ltext38                                          text38        00000
__Ltext39                                          text39        00000
__Ltext4                                           text4         00000
__Ltext40                                          text40        00000
__Ltext41                                          text41        00000
__Ltext42                                          text42        00000
__Ltext43                                          text43        00000
__Ltext44                                          text44        00000
__Ltext45                                          text45        00000
__Ltext46                                          text46        00000
__Ltext47                                          text47        00000
__Ltext48                                          text48        00000
__Ltext49                                          text49        00000
__Ltext5                                           text5         00000
__Ltext50                                          text50        00000
__Ltext51                                          text51        00000
__Ltext52                                          text52        00000
__Ltext53                                          text53        00000
__Ltext54                                          text54        00000
__Ltext55                                          text55        00000
__Ltext56                                          text56        00000
__Ltext6                                           text6         00000
__Ltext7                                           text7         00000
__Ltext8                                           text8         00000
__Ltext9                                           text9         00000
__S0                                               (abs)         10000
__S1                                               (abs)         001E2
__S2                                               (abs)         00000
___inthi_sp                                        stack         00000
___intlo_sp                                        stack         00000
___param_bank                                      (abs)         00010
___rparam_used                                     (abs)         00001
___sp                                              stack         00000
__accesstop                                        (abs)         00060
__activetblptr                                     (abs)         00002
__end_of_AdcCalibrate                              text33        01B80
__end_of_AdcConvert                                text31        01542
__end_of_AdcInit                                   text8         01A60
__end_of_AdcReadValue                              text32        01B62
__end_of_BROADCAST_RADIUS                          smallconst    00F04
__end_of_BspInit                                   text56        01AB2
__end_of_CO2OFFSET                                 smallconst    00F03
__end_of_COORDINATOR_ADDRESS                       smallconst    00F0D
__end_of_ClearDSWakeUpFlags                        text35        01BA6
__end_of_ClearInterrupts                           text55        01A98
__end_of_ClearMclrFlags                            text39        01BBE
__end_of_ClearNetworkInterrupt                     text34        01C16
__end_of_Delay100TCYx                              text52        01B52
__end_of_Delay10KTCYx                              text51        01AE2
__end_of_Delay10TCYx                               text25        01B2E
__end_of_DisableInterrupts                         text54        01C0E
__end_of_EnableDeepSleepInterrupt                  text53        01C08
__end_of_Irca1InitIO                               text7         01ACA
__end_of_IrcaInit                                  text6         01BE6
__end_of_IrcaMeasure                               text29        01924
__end_of_MeasureSensors                            text19        01A42
__end_of_OnDsWdtWakeUp                             text40        01B40
__end_of_OnMclr                                    text38        01B72
__end_of_OnPowerUp                                 text36        01BF0
__end_of_OnWakeUp                                  text10        01B1C
__end_of_PayloadInit                               text18        0198C
__end_of_PayloadPutByte                            text17        01790
__end_of_PayloadPutString                          text14        01748
__end_of_PayloadPutWord                            text13        014C0
__end_of_PowerDeepSleep                            text9         019EE
__end_of_PowerDownSHT11                            text28        01C12
__end_of_PowerUpCO2Sensor                          text27        01BFC
__end_of_PowerUpSHT11                              text26        01BF6
__end_of_SENSORS                                   smallconst    00F0F
__end_of_SampleAndHoldReset                        text30        01C02
__end_of_SendMeasures                              text11        0100E
__end_of_SensorProxyInit                           text4         01BDC
__end_of_Sht11Init                                 text5         01B0A
__end_of_Sht11Measure                              text20        017D8
__end_of_Sht11MeasureParam                         text21        01332
__end_of_Sht11Read                                 text24        016F6
__end_of_Sht11Start                                text23        0195A
__end_of_Sht11Write                                text22        01694
__end_of_TRANSMIT_OPTIONS                          smallconst    00F05
__end_of_UnUsedPeriphericalDisable                 text37        01BB2
__end_of_XBeeCommissioning                         text45        01868
__end_of_XBeeCreateATCommandPacket                 text44        01630
__end_of_XBeeCreateCompleteATCommandPacket         text50        01284
__end_of_XBeeCreatePacket                          text48        0143E
__end_of_XBeeCreateTransmitRequestPacket           text12        0110C
__end_of_XBeeInit                                  text1         01B9A
__end_of_XBeeInterruptInit                         text3         01BD2
__end_of_XBeeJoin                                  text41        01A7E
__end_of_XBeeReset                                 text43        019BE
__end_of_XBeeSendPacket                            text46        011CC
__end_of_XBeeSerialInit                            text2         01AF8
__end_of_XBeeSerialSend                            text47        01B8E
__end_of_XBeeSetSleepMode                          text42        01820
__end_of__initialization                           cinit         018A0
__end_of_main                                      text0         013B8
__end_of_memset                                    text49        01A1C
__end_of_sprintf                                   text16        015BE
__end_of_strlen                                    text15        018EC
__initialization                                   cinit         01868
__mediumconst                                      mediumconst   00000
__pbssBANK0                                        bssBANK0      00060
__pbssCOMRAM                                       bssCOMRAM     00011
__pcinit                                           cinit         01868
__pcstackBANK1                                     cstackBANK1   00100
__pcstackCOMRAM                                    cstackCOMRAM  00001
__pdataCOMRAM                                      dataCOMRAM    0001E
__pidataCOMRAM                                     idataCOMRAM   01BBE
__psmallconst                                      smallconst    00F00
__ptext0                                           text0         01332
__ptext1                                           text1         01B8E
__ptext10                                          text10        01B0A
__ptext11                                          text11        00F10
__ptext12                                          text12        0100E
__ptext13                                          text13        0143E
__ptext14                                          text14        016F6
__ptext15                                          text15        018AA
__ptext16                                          text16        01542
__ptext17                                          text17        01748
__ptext18                                          text18        0195A
__ptext19                                          text19        01A1C
__ptext2                                           text2         01AE2
__ptext20                                          text20        01790
__ptext21                                          text21        01284
__ptext22                                          text22        01630
__ptext23                                          text23        01924
__ptext24                                          text24        01694
__ptext25                                          text25        01B1C
__ptext26                                          text26        01BF0
__ptext27                                          text27        01BF6
__ptext28                                          text28        01C0E
__ptext29                                          text29        018EC
__ptext3                                           text3         01BC8
__ptext30                                          text30        01BFC
__ptext31                                          text31        014C0
__ptext32                                          text32        01B52
__ptext33                                          text33        01B72
__ptext34                                          text34        01C12
__ptext35                                          text35        01B9A
__ptext36                                          text36        01BE6
__ptext37                                          text37        01BA6
__ptext38                                          text38        01B62
__ptext39                                          text39        01BB2
__ptext4                                           text4         01BD2
__ptext40                                          text40        01B2E
__ptext41                                          text41        01A60
__ptext42                                          text42        017D8
__ptext43                                          text43        0198C
__ptext44                                          text44        015BE
__ptext45                                          text45        01820
__ptext46                                          text46        0110C
__ptext47                                          text47        01B80
__ptext48                                          text48        013B8
__ptext49                                          text49        019EE
__ptext5                                           text5         01AF8
__ptext50                                          text50        011CC
__ptext51                                          text51        01ACA
__ptext52                                          text52        01B40
__ptext53                                          text53        01C02
__ptext54                                          text54        01C08
__ptext55                                          text55        01A7E
__ptext56                                          text56        01A98
__ptext6                                           text6         01BDC
__ptext7                                           text7         01AB2
__ptext8                                           text8         01A42
__ptext9                                           text9         019BE
__ramtop                                           ramtop        00F00
__size_of_AdcCalibrate                             (abs)         00000
__size_of_AdcConvert                               (abs)         00000
__size_of_AdcInit                                  (abs)         00000
__size_of_AdcReadValue                             (abs)         00000
__size_of_BspInit                                  (abs)         00000
__size_of_ClearDSWakeUpFlags                       (abs)         00000
__size_of_ClearInterrupts                          (abs)         00000
__size_of_ClearMclrFlags                           (abs)         00000
__size_of_ClearNetworkInterrupt                    (abs)         00000
__size_of_Delay100TCYx                             (abs)         00000
__size_of_Delay10KTCYx                             (abs)         00000
__size_of_Delay10TCYx                              (abs)         00000
__size_of_DisableInterrupts                        (abs)         00000
__size_of_EnableDeepSleepInterrupt                 (abs)         00000
__size_of_Irca1InitIO                              (abs)         00000
__size_of_IrcaInit                                 (abs)         00000
__size_of_IrcaMeasure                              (abs)         00000
__size_of_MeasureSensors                           (abs)         00000
__size_of_OnDsWdtWakeUp                            (abs)         00000
__size_of_OnMclr                                   (abs)         00000
__size_of_OnPowerUp                                (abs)         00000
__size_of_OnWakeUp                                 (abs)         00000
__size_of_PayloadInit                              (abs)         00000
__size_of_PayloadPutByte                           (abs)         00000
__size_of_PayloadPutString                         (abs)         00000
__size_of_PayloadPutWord                           (abs)         00000
__size_of_PowerDeepSleep                           (abs)         00000
__size_of_PowerDownSHT11                           (abs)         00000
__size_of_PowerUpCO2Sensor                         (abs)         00000
__size_of_PowerUpSHT11                             (abs)         00000
__size_of_SampleAndHoldReset                       (abs)         00000
__size_of_SendMeasures                             (abs)         00000
__size_of_SensorProxyInit                          (abs)         00000
__size_of_Sht11Init                                (abs)         00000
__size_of_Sht11Measure                             (abs)         00000
__size_of_Sht11MeasureParam                        (abs)         00000
__size_of_Sht11Read                                (abs)         00000
__size_of_Sht11Start                               (abs)         00000
__size_of_Sht11Write                               (abs)         00000
__size_of_UnUsedPeriphericalDisable                (abs)         00000
__size_of_XBeeCommissioning                        (abs)         00000
__size_of_XBeeCreateATCommandPacket                (abs)         00000
__size_of_XBeeCreateCompleteATCommandPacket        (abs)         00000
__size_of_XBeeCreatePacket                         (abs)         00000
__size_of_XBeeCreateTransmitRequestPacket          (abs)         00000
__size_of_XBeeInit                                 (abs)         00000
__size_of_XBeeInterruptInit                        (abs)         00000
__size_of_XBeeJoin                                 (abs)         00000
__size_of_XBeeReset                                (abs)         00000
__size_of_XBeeSendPacket                           (abs)         00000
__size_of_XBeeSerialInit                           (abs)         00000
__size_of_XBeeSerialSend                           (abs)         00000
__size_of_XBeeSetSleepMode                         (abs)         00000
__size_of_main                                     (abs)         00000
__size_of_memset                                   (abs)         00000
__size_of_sprintf                                  (abs)         00000
__size_of_strlen                                   (abs)         00000
__smallconst                                       smallconst    00F00
_count                                             bssCOMRAM     00011
_ircAData                                          bssCOMRAM     00012
_joinPacket                                        bssBANK0      00060
_main                                              text0         01332
_memset                                            text49        019EE
_shtData                                           bssCOMRAM     00018
_sprintf                                           text16        01542
_strlen                                            text15        018AA
end_of_initialization                              cinit         018A0
intlevel0                                          text          00000
intlevel1                                          text          00000
intlevel2                                          text          00000
intlevel3                                          text          00000
memset@c                                           cstackCOMRAM  00003
memset@n                                           cstackCOMRAM  00005
memset@p                                           cstackCOMRAM  00007
memset@p1                                          cstackCOMRAM  00001
sprintf@ap                                         cstackCOMRAM  00005
sprintf@c                                          cstackCOMRAM  00008
sprintf@f                                          cstackCOMRAM  00003
sprintf@flag                                       cstackCOMRAM  00007
sprintf@sp                                         cstackCOMRAM  00001
stackhi                                            (abs)         00EBF
stacklo                                            (abs)         001E2
start                                              init          00000
start_initialization                               cinit         01868
strlen@cp                                          cstackCOMRAM  00005
strlen@s                                           cstackCOMRAM  00001


FUNCTION INFORMATION:

 *************** function _main *****************
 Defined at:
		line 10 in file "main.c"
 Parameters:    Size  Location     Type
		None
 Auto vars:     Size  Location     Type
		None
 Return value:  Size  Location     Type
                  2  360[None  ] int 
 Registers used:
		wreg, fsr1l, fsr1h, fsr2l, fsr2h, status,2, status,0, tblptrl, tblptrh, tblptru, prodl, prodh, cstack
 Tracked objects:
		On entry : 
		On exit  : 
		Unchanged: 
 Data sizes:     COMRAM   BANK0   BANK1   BANK2   BANK3   BANK4   BANK5   BANK6   BANK7   BANK8   BANK9  BANK10  BANK11  BANK12  BANK13  BANK14
      Params:         0       0       0       0       0       0       0       0       0       0       0       0       0       0       0       0
      Locals:         0       0       0       0       0       0       0       0       0       0       0       0       0       0       0       0
      Temps:          0       0       0       0       0       0       0       0       0       0       0       0       0       0       0       0
      Totals:         0       0       0       0       0       0       0       0       0       0       0       0       0       0       0       0
Total ram usage:        0 bytes
 Hardware stack levels required when called:    6
 This function calls:
		_BspInit
		_ClearInterrupts
		_DisableInterrupts
		_EnableDeepSleepInterrupt
		_OnDsWdtWakeUp
		_OnMclr
		_OnPowerUp
		_OnWakeUp
		_PowerDeepSleep
		_SensorProxyInit
		_XBeeInit
 This function is called by:
		Startup code after reset
 This function uses a non-reentrant model


 *************** function _XBeeInit *****************
 Defined at:
		line 25 in file "xbee/digi_hw.c"
 Parameters:    Size  Location     Type
		None
 Auto vars:     Size  Location     Type
		None
 Return value:  Size  Location     Type
		None               void
 Registers used:
		wreg, status,2, cstack
 Tracked objects:
		On entry : 
		On exit  : 
		Unchanged: 
 Data sizes:     COMRAM   BANK0   BANK1   BANK2   BANK3   BANK4   BANK5   BANK6   BANK7   BANK8   BANK9  BANK10  BANK11  BANK12  BANK13  BANK14
      Params:         0       0       0       0       0       0       0       0       0       0       0       0       0       0       0       0
      Locals:         0       0       0       0       0       0       0       0       0       0       0       0       0       0       0       0
      Temps:          0       0       0       0       0       0       0       0       0       0       0       0       0       0       0       0
      Totals:         0       0       0       0       0       0       0       0       0       0       0       0       0       0       0       0
Total ram usage:        0 bytes
 Hardware stack levels used:    1
 Hardware stack levels required when called:    1
 This function calls:
		_XBeeInterruptInit
		_XBeeSerialInit
 This function is called by:
		_main
 This function uses a non-reentrant model


 *************** function _XBeeSerialInit *****************
 Defined at:
		line 20 in file "xbee/digi_serial.c"
 Parameters:    Size  Location     Type
  baudrate        1    wreg     unsigned char 
 Auto vars:     Size  Location     Type
  baudrate        1    0[COMRAM] unsigned char 
 Return value:  Size  Location     Type
		None               void
 Registers used:
		wreg
 Tracked objects:
		On entry : 
		On exit  : 
		Unchanged: 
 Data sizes:     COMRAM   BANK0   BANK1   BANK2   BANK3   BANK4   BANK5   BANK6   BANK7   BANK8   BANK9  BANK10  BANK11  BANK12  BANK13  BANK14
      Params:         0       0       0       0       0       0       0       0       0       0       0       0       0       0       0       0
      Locals:         1       0       0       0       0       0       0       0       0       0       0       0       0       0       0       0
      Temps:          0       0       0       0       0       0       0       0       0       0       0       0       0       0       0       0
      Totals:         1       0       0       0       0       0       0       0       0       0       0       0       0       0       0       0
Total ram usage:        1 bytes
 Hardware stack levels used:    1
 This function calls:
		Nothing
 This function is called by:
		_XBeeInit
 This function uses a non-reentrant model


 *************** function _XBeeInterruptInit *****************
 Defined at:
		line 30 in file "xbee/digi_hw.c"
 Parameters:    Size  Location     Type
		None
 Auto vars:     Size  Location     Type
		None
 Return value:  Size  Location     Type
		None               void
 Registers used:
		None
 Tracked objects:
		On entry : 
		On exit  : 
		Unchanged: 
 Data sizes:     COMRAM   BANK0   BANK1   BANK2   BANK3   BANK4   BANK5   BANK6   BANK7   BANK8   BANK9  BANK10  BANK11  BANK12  BANK13  BANK14
      Params:         0       0       0       0       0       0       0       0       0       0       0       0       0       0       0       0
      Locals:         0       0       0       0       0       0       0       0       0       0       0       0       0       0       0       0
      Temps:          0       0       0       0       0       0       0       0       0       0       0       0       0       0       0       0
      Totals:         0       0       0       0       0       0       0       0       0       0       0       0       0       0       0       0
Total ram usage:        0 bytes
 Hardware stack levels used:    1
 This function calls:
		Nothing
 This function is called by:
		_XBeeInit
 This function uses a non-reentrant model


 *************** function _SensorProxyInit *****************
 Defined at:
		line 16 in file "sensor_proxy.c"
 Parameters:    Size  Location     Type
		None
 Auto vars:     Size  Location     Type
		None
 Return value:  Size  Location     Type
		None               void
 Registers used:
		wreg, status,2, cstack
 Tracked objects:
		On entry : 
		On exit  : 
		Unchanged: 
 Data sizes:     COMRAM   BANK0   BANK1   BANK2   BANK3   BANK4   BANK5   BANK6   BANK7   BANK8   BANK9  BANK10  BANK11  BANK12  BANK13  BANK14
      Params:         0       0       0       0       0       0       0       0       0       0       0       0       0       0       0       0
      Locals:         0       0       0       0       0       0       0       0       0       0       0       0       0       0       0       0
      Temps:          0       0       0       0       0       0       0       0       0       0       0       0       0       0       0       0
      Totals:         0       0       0       0       0       0       0       0       0       0       0       0       0       0       0       0
Total ram usage:        0 bytes
 Hardware stack levels used:    1
 Hardware stack levels required when called:    2
 This function calls:
		_IrcaInit
		_Sht11Init
 This function is called by:
		_main
 This function uses a non-reentrant model


 *************** function _Sht11Init *****************
 Defined at:
		line 32 in file "sht/sht.c"
 Parameters:    Size  Location     Type
		None
 Auto vars:     Size  Location     Type
		None
 Return value:  Size  Location     Type
		None               void
 Registers used:
		None
 Tracked objects:
		On entry : 
		On exit  : 
		Unchanged: 
 Data sizes:     COMRAM   BANK0   BANK1   BANK2   BANK3   BANK4   BANK5   BANK6   BANK7   BANK8   BANK9  BANK10  BANK11  BANK12  BANK13  BANK14
      Params:         0       0       0       0       0       0       0       0       0       0       0       0       0       0       0       0
      Locals:         0       0       0       0       0       0       0       0       0       0       0       0       0       0       0       0
      Temps:          0       0       0       0       0       0       0       0       0       0       0       0       0       0       0       0
      Totals:         0       0       0       0       0       0       0       0       0       0       0       0       0       0       0       0
Total ram usage:        0 bytes
 Hardware stack levels used:    1
 This function calls:
		Nothing
 This function is called by:
		_SensorProxyInit
 This function uses a non-reentrant model


 *************** function _IrcaInit *****************
 Defined at:
		line 9 in file "irca/irca.c"
 Parameters:    Size  Location     Type
		None
 Auto vars:     Size  Location     Type
		None
 Return value:  Size  Location     Type
		None               void
 Registers used:
		wreg, status,2, cstack
 Tracked objects:
		On entry : 
		On exit  : 
		Unchanged: 
 Data sizes:     COMRAM   BANK0   BANK1   BANK2   BANK3   BANK4   BANK5   BANK6   BANK7   BANK8   BANK9  BANK10  BANK11  BANK12  BANK13  BANK14
      Params:         0       0       0       0       0       0       0       0       0       0       0       0       0       0       0       0
      Locals:         0       0       0       0       0       0       0       0       0       0       0       0       0       0       0       0
      Temps:          0       0       0       0       0       0       0       0       0       0       0       0       0       0       0       0
      Totals:         0       0       0       0       0       0       0       0       0       0       0       0       0       0       0       0
Total ram usage:        0 bytes
 Hardware stack levels used:    1
 Hardware stack levels required when called:    1
 This function calls:
		_AdcInit
		_Irca1InitIO
 This function is called by:
		_SensorProxyInit
 This function uses a non-reentrant model


 *************** function _Irca1InitIO *****************
 Defined at:
		line 21 in file "irca/irca.c"
 Parameters:    Size  Location     Type
		None
 Auto vars:     Size  Location     Type
		None
 Return value:  Size  Location     Type
		None               void
 Registers used:
		None
 Tracked objects:
		On entry : 
		On exit  : 
		Unchanged: 
 Data sizes:     COMRAM   BANK0   BANK1   BANK2   BANK3   BANK4   BANK5   BANK6   BANK7   BANK8   BANK9  BANK10  BANK11  BANK12  BANK13  BANK14
      Params:         0       0       0       0       0       0       0       0       0       0       0       0       0       0       0       0
      Locals:         0       0       0       0       0       0       0       0       0       0       0       0       0       0       0       0
      Temps:          0       0       0       0       0       0       0       0       0       0       0       0       0       0       0       0
      Totals:         0       0       0       0       0       0       0       0       0       0       0       0       0       0       0       0
Total ram usage:        0 bytes
 Hardware stack levels used:    1
 This function calls:
		Nothing
 This function is called by:
		_IrcaInit
 This function uses a non-reentrant model


 *************** function _AdcInit *****************
 Defined at:
		line 14 in file "adc/averaged_adc.c"
 Parameters:    Size  Location     Type
		None
 Auto vars:     Size  Location     Type
		None
 Return value:  Size  Location     Type
		None               void
 Registers used:
		wreg, status,2
 Tracked objects:
		On entry : 
		On exit  : 
		Unchanged: 
 Data sizes:     COMRAM   BANK0   BANK1   BANK2   BANK3   BANK4   BANK5   BANK6   BANK7   BANK8   BANK9  BANK10  BANK11  BANK12  BANK13  BANK14
      Params:         0       0       0       0       0       0       0       0       0       0       0       0       0       0       0       0
      Locals:         0       0       0       0       0       0       0       0       0       0       0       0       0       0       0       0
      Temps:          0       0       0       0       0       0       0       0       0       0       0       0       0       0       0       0
      Totals:         0       0       0       0       0       0       0       0       0       0       0       0       0       0       0       0
Total ram usage:        0 bytes
 Hardware stack levels used:    1
 This function calls:
		Nothing
 This function is called by:
		_IrcaInit
		_Co2D1Init
 This function uses a non-reentrant model


 *************** function _PowerDeepSleep *****************
 Defined at:
		line 255 in file "power.c"
 Parameters:    Size  Location     Type
		None
 Auto vars:     Size  Location     Type
		None
 Return value:  Size  Location     Type
		None               void
 Registers used:
		wreg, status,2
 Tracked objects:
		On entry : 
		On exit  : 
		Unchanged: 
 Data sizes:     COMRAM   BANK0   BANK1   BANK2   BANK3   BANK4   BANK5   BANK6   BANK7   BANK8   BANK9  BANK10  BANK11  BANK12  BANK13  BANK14
      Params:         0       0       0       0       0       0       0       0       0       0       0       0       0       0       0       0
      Locals:         0       0       0       0       0       0       0       0       0       0       0       0       0       0       0       0
      Temps:          0       0       0       0       0       0       0       0       0       0       0       0       0       0       0       0
      Totals:         0       0       0       0       0       0       0       0       0       0       0       0       0       0       0       0
Total ram usage:        0 bytes
 Hardware stack levels used:    1
 This function calls:
		Nothing
 This function is called by:
		_main
 This function uses a non-reentrant model


 *************** function _OnWakeUp *****************
 Defined at:
		line 28 in file "opController.c"
 Parameters:    Size  Location     Type
		None
 Auto vars:     Size  Location     Type
		None
 Return value:  Size  Location     Type
		None               void
 Registers used:
		wreg, fsr1l, fsr1h, fsr2l, fsr2h, status,2, status,0, tblptrl, tblptrh, tblptru, prodl, prodh, cstack
 Tracked objects:
		On entry : 
		On exit  : 
		Unchanged: 
 Data sizes:     COMRAM   BANK0   BANK1   BANK2   BANK3   BANK4   BANK5   BANK6   BANK7   BANK8   BANK9  BANK10  BANK11  BANK12  BANK13  BANK14
      Params:         0       0       0       0       0       0       0       0       0       0       0       0       0       0       0       0
      Locals:         0       0       0       0       0       0       0       0       0       0       0       0       0       0       0       0
      Temps:          0       0       0       0       0       0       0       0       0       0       0       0       0       0       0       0
      Totals:         0       0       0       0       0       0       0       0       0       0       0       0       0       0       0       0
Total ram usage:        0 bytes
 Hardware stack levels used:    1
 Hardware stack levels required when called:    5
 This function calls:
		_ClearDSWakeUpFlags
		_ClearNetworkInterrupt
		_MeasureSensors
		_SendMeasures
 This function is called by:
		_main
 This function uses a non-reentrant model


 *************** function _SendMeasures *****************
 Defined at:
		line 24 in file "network_proxy.c"
 Parameters:    Size  Location     Type
		None
 Auto vars:     Size  Location     Type
  packet        125    0[BANK1 ] struct XBeePacket
  payload       101  125[BANK1 ] struct Payload
[...]
      Temps:          2       0       0       0       0       0       0       0       0       0       0       0       0       0       0       0
      Totals:         6       0       0       0       0       0       0       0       0       0       0       0       0       0       0       0
Total ram usage:        6 bytes
 Hardware stack levels used:    1
 Hardware stack levels required when called:    1
 This function calls:
		_XBeeSerialSend
 This function is called by:
		_XBeeReset
		_XBeeCommissioning
		_XBeeSetSleepMode
		_SendMeasures
 This function uses a non-reentrant model


 *************** function _XBeeSerialSend *****************
 Defined at:
		line 35 in file "xbee/digi_serial.c"
 Parameters:    Size  Location     Type
  value           1    wreg     unsigned char 
 Auto vars:     Size  Location     Type
  value           1    0[COMRAM] unsigned char 
 Return value:  Size  Location     Type
		None               void
 Registers used:
		wreg
 Tracked objects:
		On entry : 
		On exit  : 
		Unchanged: 
 Data sizes:     COMRAM   BANK0   BANK1   BANK2   BANK3   BANK4   BANK5   BANK6   BANK7   BANK8   BANK9  BANK10  BANK11  BANK12  BANK13  BANK14
      Params:         0       0       0       0       0       0       0       0       0       0       0       0       0       0       0       0
      Locals:         1       0       0       0       0       0       0       0       0       0       0       0       0       0       0       0
      Temps:          0       0       0       0       0       0       0       0       0       0       0       0       0       0       0       0
      Totals:         1       0       0       0       0       0       0       0       0       0       0       0       0       0       0       0
Total ram usage:        1 bytes
 Hardware stack levels used:    1
 This function calls:
		Nothing
 This function is called by:
		_XBeeSendPacket
		_XBeeSerialSendArray
 This function uses a non-reentrant model


 *************** function _XBeeCreatePacket *****************
 Defined at:
		line 21 in file "xbee/digi_api.c"
 Parameters:    Size  Location     Type
  packet          2    8[COMRAM] const PTR struct XBeePac
		 -> SendMeasures@packet(125), joinPacket(125), 
 Auto vars:     Size  Location     Type
		None
 Return value:  Size  Location     Type
		None               void
 Registers used:
		wreg, fsr2l, fsr2h, status,2, status,0, cstack
 Tracked objects:
		On entry : 
		On exit  : 
		Unchanged: 
 Data sizes:     COMRAM   BANK0   BANK1   BANK2   BANK3   BANK4   BANK5   BANK6   BANK7   BANK8   BANK9  BANK10  BANK11  BANK12  BANK13  BANK14
      Params:         2       0       0       0       0       0       0       0       0       0       0       0       0       0       0       0
      Locals:         0       0       0       0       0       0       0       0       0       0       0       0       0       0       0       0
      Temps:          0       0       0       0       0       0       0       0       0       0       0       0       0       0       0       0
      Totals:         2       0       0       0       0       0       0       0       0       0       0       0       0       0       0       0
Total ram usage:        2 bytes
 Hardware stack levels used:    1
 Hardware stack levels required when called:    1
 This function calls:
		_memset
 This function is called by:
		_XBeeReset
		_XBeeCommissioning
		_XBeeSetSleepMode
		_SendMeasures
 This function uses a non-reentrant model


 *************** function _memset *****************
 Defined at:
		line 8 in file "C:\Program Files (x86)\Microchip\xc8\v1.34\sources\common\memset.c"
 Parameters:    Size  Location     Type
  p1              2    0[COMRAM] PTR void 
		 -> joinPacket.frame(116), packet.frame(116), SendMeasures@packet(125), joinPacket(125), 
  c               2    2[COMRAM] int 
  n               2    4[COMRAM] unsigned int 
 Auto vars:     Size  Location     Type
  p               2    6[COMRAM] PTR unsigned char 
		 -> joinPacket.frame(116), packet.frame(116), SendMeasures@packet(125), joinPacket(125), 
 Return value:  Size  Location     Type
                  2    0[COMRAM] PTR void 
 Registers used:
		wreg, fsr2l, fsr2h, status,2, status,0
 Tracked objects:
		On entry : 
		On exit  : 
		Unchanged: 
 Data sizes:     COMRAM   BANK0   BANK1   BANK2   BANK3   BANK4   BANK5   BANK6   BANK7   BANK8   BANK9  BANK10  BANK11  BANK12  BANK13  BANK14
      Params:         6       0       0       0       0       0       0       0       0       0       0       0       0       0       0       0
      Locals:         2       0       0       0       0       0       0       0       0       0       0       0       0       0       0       0
      Temps:          0       0       0       0       0       0       0       0       0       0       0       0       0       0       0       0
      Totals:         8       0       0       0       0       0       0       0       0       0       0       0       0       0       0       0
Total ram usage:        8 bytes
 Hardware stack levels used:    1
 This function calls:
		Nothing
 This function is called by:
		_XBeeCreatePacket
 This function uses a non-reentrant model


 *************** function _XBeeCreateCompleteATCommandPacket *****************
 Defined at:
		line 20 in file "xbee/digi_at_request.c"
 Parameters:    Size  Location     Type
  packet          2    0[COMRAM] PTR struct XBeePacket
		 -> joinPacket(125), 
  frameId         1    2[COMRAM] unsigned char 
  command         2    3[COMRAM] PTR unsigned char 
		 -> XBeeSetSleepMode@command(3), XBeeCommissioning@command(3), 
  params          2    5[COMRAM] PTR unsigned char 
		 -> XBeeSetSleepMode@params(2), XBeeCommissioning@params(2), 
  paramsLength    1    7[COMRAM] unsigned char 
 Auto vars:     Size  Location     Type
  p               2   11[COMRAM] PTR unsigned char 
		 -> joinPacket.frame.value(97), joinPacket.frame.command(2), XBeeCreateCompleteATCommandPacket@packet.frame(116), 
  i               1   10[COMRAM] unsigned char 
 Return value:  Size  Location     Type
		None               void
 Registers used:
		wreg, fsr1l, fsr1h, fsr2l, fsr2h, status,2, status,0
 Tracked objects:
		On entry : 
		On exit  : 
		Unchanged: 
 Data sizes:     COMRAM   BANK0   BANK1   BANK2   BANK3   BANK4   BANK5   BANK6   BANK7   BANK8   BANK9  BANK10  BANK11  BANK12  BANK13  BANK14
      Params:         8       0       0       0       0       0       0       0       0       0       0       0       0       0       0       0
      Locals:         3       0       0       0       0       0       0       0       0       0       0       0       0       0       0       0
      Temps:          2       0       0       0       0       0       0       0       0       0       0       0       0       0       0       0
      Totals:        13       0       0       0       0       0       0       0       0       0       0       0       0       0       0       0
Total ram usage:       13 bytes
 Hardware stack levels used:    1
 This function calls:
		Nothing
 This function is called by:
		_XBeeCommissioning
		_XBeeSetSleepMode
 This function uses a non-reentrant model


 *************** function _Delay10KTCYx *****************
 Defined at:
		line 8 in file "C:\Program Files (x86)\Microchip\xc8\v1.34\sources\pic18\d10ktcyx.c"
 Parameters:    Size  Location     Type
  unit            1    wreg     unsigned char 
 Auto vars:     Size  Location     Type
  unit            1    1[COMRAM] unsigned char 
 Return value:  Size  Location     Type
		None               void
 Registers used:
		wreg
 Tracked objects:
		On entry : 
		On exit  : 
		Unchanged: 
 Data sizes:     COMRAM   BANK0   BANK1   BANK2   BANK3   BANK4   BANK5   BANK6   BANK7   BANK8   BANK9  BANK10  BANK11  BANK12  BANK13  BANK14
      Params:         0       0       0       0       0       0       0       0       0       0       0       0       0       0       0       0
      Locals:         1       0       0       0       0       0       0       0       0       0       0       0       0       0       0       0
      Temps:          1       0       0       0       0       0       0       0       0       0       0       0       0       0       0       0
      Totals:         2       0       0       0       0       0       0       0       0       0       0       0       0       0       0       0
Total ram usage:        2 bytes
 Hardware stack levels used:    1
 This function calls:
		Nothing
 This function is called by:
		_XBeeJoin
		_OnMclr
 This function uses a non-reentrant model


 *************** function _Delay100TCYx *****************
 Defined at:
		line 8 in file "C:\Program Files (x86)\Microchip\xc8\v1.34\sources\pic18\d100tcyx.c"
 Parameters:    Size  Location     Type
  unit            1    wreg     unsigned char 
 Auto vars:     Size  Location     Type
  unit            1    0[COMRAM] unsigned char 
 Return value:  Size  Location     Type
		None               void
 Registers used:
		wreg
 Tracked objects:
		On entry : 
		On exit  : 
		Unchanged: 
 Data sizes:     COMRAM   BANK0   BANK1   BANK2   BANK3   BANK4   BANK5   BANK6   BANK7   BANK8   BANK9  BANK10  BANK11  BANK12  BANK13  BANK14
      Params:         0       0       0       0       0       0       0       0       0       0       0       0       0       0       0       0
      Locals:         1       0       0       0       0       0       0       0       0       0       0       0       0       0       0       0
      Temps:          0       0       0       0       0       0       0       0       0       0       0       0       0       0       0       0
      Totals:         1       0       0       0       0       0       0       0       0       0       0       0       0       0       0       0
Total ram usage:        1 bytes
 Hardware stack levels used:    1
 This function calls:
		Nothing
 This function is called by:
		_OnDsWdtWakeUp
 This function uses a non-reentrant model


 *************** function _EnableDeepSleepInterrupt *****************
 Defined at:
		line 37 in file "interrupts.c"
 Parameters:    Size  Location     Type
		None
 Auto vars:     Size  Location     Type
		None
 Return value:  Size  Location     Type
		None               void
 Registers used:
		None
 Tracked objects:
		On entry : 
		On exit  : 
		Unchanged: 
 Data sizes:     COMRAM   BANK0   BANK1   BANK2   BANK3   BANK4   BANK5   BANK6   BANK7   BANK8   BANK9  BANK10  BANK11  BANK12  BANK13  BANK14
      Params:         0       0       0       0       0       0       0       0       0       0       0       0       0       0       0       0
      Locals:         0       0       0       0       0       0       0       0       0       0       0       0       0       0       0       0
      Temps:          0       0       0       0       0       0       0       0       0       0       0       0       0       0       0       0
      Totals:         0       0       0       0       0       0       0       0       0       0       0       0       0       0       0       0
Total ram usage:        0 bytes
 Hardware stack levels used:    1
 This function calls:
		Nothing
 This function is called by:
		_main
 This function uses a non-reentrant model


 *************** function _DisableInterrupts *****************
 Defined at:
		line 42 in file "interrupts.c"
 Parameters:    Size  Location     Type
		None
 Auto vars:     Size  Location     Type
		None
 Return value:  Size  Location     Type
		None               void
 Registers used:
		wreg, status,2
 Tracked objects:
		On entry : 
		On exit  : 
		Unchanged: 
 Data sizes:     COMRAM   BANK0   BANK1   BANK2   BANK3   BANK4   BANK5   BANK6   BANK7   BANK8   BANK9  BANK10  BANK11  BANK12  BANK13  BANK14
      Params:         0       0       0       0       0       0       0       0       0       0       0       0       0       0       0       0
      Locals:         0       0       0       0       0       0       0       0       0       0       0       0       0       0       0       0
      Temps:          0       0       0       0       0       0       0       0       0       0       0       0       0       0       0       0
      Totals:         0       0       0       0       0       0       0       0       0       0       0       0       0       0       0       0
Total ram usage:        0 bytes
 Hardware stack levels used:    1
 This function calls:
		Nothing
 This function is called by:
		_main
 This function uses a non-reentrant model


 *************** function _ClearInterrupts *****************
 Defined at:
		line 25 in file "interrupts.c"
 Parameters:    Size  Location     Type
		None
 Auto vars:     Size  Location     Type
		None
 Return value:  Size  Location     Type
		None               void
 Registers used:
		wreg, status,2
 Tracked objects:
		On entry : 
		On exit  : 
		Unchanged: 
 Data sizes:     COMRAM   BANK0   BANK1   BANK2   BANK3   BANK4   BANK5   BANK6   BANK7   BANK8   BANK9  BANK10  BANK11  BANK12  BANK13  BANK14
      Params:         0       0       0       0       0       0       0       0       0       0       0       0       0       0       0       0
      Locals:         0       0       0       0       0       0       0       0       0       0       0       0       0       0       0       0
      Temps:          0       0       0       0       0       0       0       0       0       0       0       0       0       0       0       0
      Totals:         0       0       0       0       0       0       0       0       0       0       0       0       0       0       0       0
Total ram usage:        0 bytes
 Hardware stack levels used:    1
 This function calls:
		Nothing
 This function is called by:
		_main
 This function uses a non-reentrant model


 *************** function _BspInit *****************
 Defined at:
		line 3 in file "bsp.c"
 Parameters:    Size  Location     Type
		None
 Auto vars:     Size  Location     Type
		None
 Return value:  Size  Location     Type
		None               void
 Registers used:
		None
 Tracked objects:
		On entry : 
		On exit  : 
		Unchanged: 
 Data sizes:     COMRAM   BANK0   BANK1   BANK2   BANK3   BANK4   BANK5   BANK6   BANK7   BANK8   BANK9  BANK10  BANK11  BANK12  BANK13  BANK14
      Params:         0       0       0       0       0       0       0       0       0       0       0       0       0       0       0       0
      Locals:         0       0       0       0       0       0       0       0       0       0       0       0       0       0       0       0
      Temps:          0       0       0       0       0       0       0       0       0       0       0       0       0       0       0       0
      Totals:         0       0       0       0       0       0       0       0       0       0       0       0       0       0       0       0
Total ram usage:        0 bytes
 Hardware stack levels used:    1
 This function calls:
		Nothing
 This function is called by:
		_main
 This function uses a non-reentrant model



MODULE INFORMATION

Module		Function		Class		Link	Load	Size
sht/sht.c
		_Sht11MeasurePa		CODE           	1284	0000	175
		_Sht11Write    		CODE           	1630	0000	101
		_Sht11Start    		CODE           	1924	0000	55
		_Sht11Read     		CODE           	1694	0000	99
		_Sht11Init     		CODE           	1AF8	0000	19
		_Sht11Measure  		CODE           	1790	0000	73

sht/sht.c estimated size: 522

xbee/digi_api.c
		_XBeeCreatePack		CODE           	13B8	0000	135

xbee/digi_api.c estimated size: 135

C:\Program Files (x86)\Microchip\xc8\v1.34\sources\pic18\d10ktcyx.c
		_Delay10KTCYx  		CODE           	1ACA	0000	25

C:\Program Files (x86)\Microchip\xc8\v1.34\sources\pic18\d10ktcyx.c estimated size: 25

adc/averaged_adc.c
		_AdcConvert    		CODE           	14C0	0000	131
		_AdcCalibrate  		CODE           	1B72	0000	15
		_AdcInit       		CODE           	1A42	0000	31
		_AdcReadValue  		CODE           	1B52	0000	17

adc/averaged_adc.c estimated size: 194

sensor_proxy.c
		_PowerUpSHT11  		CODE           	1BF0	0000	7
		_PowerUpCO2Sens		CODE           	1BF6	0000	7
		_MeasureSensors		CODE           	1A1C	0000	39
		_PowerDownSHT11		CODE           	1C0E	0000	5
		_SensorProxyIni		CODE           	1BD2	0000	11

sensor_proxy.c estimated size: 69

xbee/digi_at_request.c
		_XBeeCreateComp		CODE           	11CC	0000	185
		_XBeeCreateATCo		CODE           	15BE	0000	115

xbee/digi_at_request.c estimated size: 300

interrupts.c
		_DisableInterru		CODE           	1C08	0000	7
		_EnableDeepSlee		CODE           	1C02	0000	7
		_ClearInterrupt		CODE           	1A7E	0000	27

interrupts.c estimated size: 41

xbee/payload.c
		_PayloadPutWord		CODE           	143E	0000	131
		_PayloadPutByte		CODE           	1748	0000	73
		_PayloadInit   		CODE           	195A	0000	51
		_PayloadPutStri		CODE           	16F6	0000	83

xbee/payload.c estimated size: 338

xbee/digi_hw.c
		_XBeeInterruptI		CODE           	1BC8	0000	11
		_XBeeInit      		CODE           	1B8E	0000	13

xbee/digi_hw.c estimated size: 24

xbee/digi_join.c
		_XBeeSetSleepMo		CODE           	17D8	0000	73
		_XBeeCommission		CODE           	1820	0000	73
		_XBeeReset     		CODE           	198C	0000	51
		_XBeeJoin      		CODE           	1A60	0000	31

xbee/digi_join.c estimated size: 228

opController.c
		_ClearMclrFlags		CODE           	1BB2	0000	13
		_OnDsWdtWakeUp 		CODE           	1B2E	0000	19
		_ClearDSWakeUpF		CODE           	1B9A	0000	13
		_OnMclr        		CODE           	1B62	0000	17
		_OnPowerUp     		CODE           	1BE6	0000	11
		_OnWakeUp      		CODE           	1B0A	0000	19

opController.c estimated size: 92

C:\Program Files (x86)\Microchip\xc8\v1.34\sources\common\strlen.c
		_strlen        		CODE           	18AA	0000	67

C:\Program Files (x86)\Microchip\xc8\v1.34\sources\common\strlen.c estimated size: 67

xbee/digi_transmit_request.c
		_XBeeCreateTran		CODE           	100E	0000	255

xbee/digi_transmit_request.c estimated size: 255

shared
		_TRANSMIT_OPTIO		SMALLCONST     	0F04	0000	2
		_COORDINATOR_AD		SMALLCONST     	0F05	0000	9
		__initializatio		CODE           	1868	0000	57
		_CO2OFFSET     		SMALLCONST     	0F01	0000	3
		_SENSORS       		SMALLCONST     	0F0D	0000	3
		_BROADCAST_RADI		SMALLCONST     	0F03	0000	2

shared estimated size: 76

network_proxy.c
		_ClearNetworkIn		CODE           	1C12	0000	5
		_SendMeasures  		CODE           	0F10	0000	255

network_proxy.c estimated size: 260

C:\Program Files (x86)\Microchip\xc8\v1.34\sources\common\memset.c
		_memset        		CODE           	19EE	0000	47

C:\Program Files (x86)\Microchip\xc8\v1.34\sources\common\memset.c estimated size: 47

C:\Program Files (x86)\Microchip\xc8\v1.34\sources\pic18\d100tcyx.c
		_Delay100TCYx  		CODE           	1B40	0000	19

C:\Program Files (x86)\Microchip\xc8\v1.34\sources\pic18\d100tcyx.c estimated size: 19

C:\Program Files (x86)\Microchip\xc8\v1.34\sources\pic18\d10tcyx.c
		_Delay10TCYx   		CODE           	1B1C	0000	19

C:\Program Files (x86)\Microchip\xc8\v1.34\sources\pic18\d10tcyx.c estimated size: 19

C:\Program Files (x86)\Microchip\xc8\v1.34\sources\common\doprnt.c
		_sprintf       		CODE           	1542	0000	125

C:\Program Files (x86)\Microchip\xc8\v1.34\sources\common\doprnt.c estimated size: 125

bsp.c
		_BspInit       		CODE           	1A98	0000	27
		_UnUsedPeripher		CODE           	1BA6	0000	13

bsp.c estimated size: 40

xbee/digi_serial.c
		_XBeeSerialSend		CODE           	1B80	0000	15
		_XBeeSerialInit		CODE           	1AE2	0000	23

xbee/digi_serial.c estimated size: 38

irca/irca.c
		_SampleAndHoldR		CODE           	1BFC	0000	7
		_Irca1InitIO   		CODE           	1AB2	0000	25
		_IrcaInit      		CODE           	1BDC	0000	11
		_IrcaMeasure   		CODE           	18EC	0000	57

irca/irca.c estimated size: 100

main.c
		_main          		CODE           	1332	0000	135

main.c estimated size: 135

power.c
		_PowerDeepSleep		CODE           	19BE	0000	49

power.c estimated size: 49

xbee/digi_send.c
		_XBeeSendPacket		CODE           	110C	0000	193

xbee/digi_send.c estimated size: 193

